Archive member included to satisfy reference by file (symbol)

/Applications/STM32CubeIDE.app/Contents/Eclipse/plugins/com.st.stm32cube.ide.mcu.externaltools.gnu-tools-for-stm32.11.3.rel1.macos64_1.1.0.202305231506/tools/bin/../lib/gcc/arm-none-eabi/11.3.1/../../../../arm-none-eabi/lib/thumb/v7e-m+fp/hard/libc_nano.a(libc_a-exit.o)
                              /Applications/STM32CubeIDE.app/Contents/Eclipse/plugins/com.st.stm32cube.ide.mcu.externaltools.gnu-tools-for-stm32.11.3.rel1.macos64_1.1.0.202305231506/tools/bin/../lib/gcc/arm-none-eabi/11.3.1/../../../../arm-none-eabi/lib/thumb/v7e-m+fp/hard/crt0.o (exit)
/Applications/STM32CubeIDE.app/Contents/Eclipse/plugins/com.st.stm32cube.ide.mcu.externaltools.gnu-tools-for-stm32.11.3.rel1.macos64_1.1.0.202305231506/tools/bin/../lib/gcc/arm-none-eabi/11.3.1/../../../../arm-none-eabi/lib/thumb/v7e-m+fp/hard/libc_nano.a(libc_a-sprintf.o)
                              ./Core/Src/main.o (sprintf)
/Applications/STM32CubeIDE.app/Contents/Eclipse/plugins/com.st.stm32cube.ide.mcu.externaltools.gnu-tools-for-stm32.11.3.rel1.macos64_1.1.0.202305231506/tools/bin/../lib/gcc/arm-none-eabi/11.3.1/../../../../arm-none-eabi/lib/thumb/v7e-m+fp/hard/libc_nano.a(libc_a-findfp.o)
                              /Applications/STM32CubeIDE.app/Contents/Eclipse/plugins/com.st.stm32cube.ide.mcu.externaltools.gnu-tools-for-stm32.11.3.rel1.macos64_1.1.0.202305231506/tools/bin/../lib/gcc/arm-none-eabi/11.3.1/../../../../arm-none-eabi/lib/thumb/v7e-m+fp/hard/libc_nano.a(libc_a-exit.o) (__stdio_exit_handler)
/Applications/STM32CubeIDE.app/Contents/Eclipse/plugins/com.st.stm32cube.ide.mcu.externaltools.gnu-tools-for-stm32.11.3.rel1.macos64_1.1.0.202305231506/tools/bin/../lib/gcc/arm-none-eabi/11.3.1/../../../../arm-none-eabi/lib/thumb/v7e-m+fp/hard/libc_nano.a(libc_a-fwalk.o)
                              /Applications/STM32CubeIDE.app/Contents/Eclipse/plugins/com.st.stm32cube.ide.mcu.externaltools.gnu-tools-for-stm32.11.3.rel1.macos64_1.1.0.202305231506/tools/bin/../lib/gcc/arm-none-eabi/11.3.1/../../../../arm-none-eabi/lib/thumb/v7e-m+fp/hard/libc_nano.a(libc_a-findfp.o) (_fwalk_sglue)
/Applications/STM32CubeIDE.app/Contents/Eclipse/plugins/com.st.stm32cube.ide.mcu.externaltools.gnu-tools-for-stm32.11.3.rel1.macos64_1.1.0.202305231506/tools/bin/../lib/gcc/arm-none-eabi/11.3.1/../../../../arm-none-eabi/lib/thumb/v7e-m+fp/hard/libc_nano.a(libc_a-printf.o)
                              ./Core/Src/Gyro.o (printf)
/Applications/STM32CubeIDE.app/Contents/Eclipse/plugins/com.st.stm32cube.ide.mcu.externaltools.gnu-tools-for-stm32.11.3.rel1.macos64_1.1.0.202305231506/tools/bin/../lib/gcc/arm-none-eabi/11.3.1/../../../../arm-none-eabi/lib/thumb/v7e-m+fp/hard/libc_nano.a(libc_a-memset.o)
                              /Applications/STM32CubeIDE.app/Contents/Eclipse/plugins/com.st.stm32cube.ide.mcu.externaltools.gnu-tools-for-stm32.11.3.rel1.macos64_1.1.0.202305231506/tools/bin/../lib/gcc/arm-none-eabi/11.3.1/../../../../arm-none-eabi/lib/thumb/v7e-m+fp/hard/crt0.o (memset)
/Applications/STM32CubeIDE.app/Contents/Eclipse/plugins/com.st.stm32cube.ide.mcu.externaltools.gnu-tools-for-stm32.11.3.rel1.macos64_1.1.0.202305231506/tools/bin/../lib/gcc/arm-none-eabi/11.3.1/../../../../arm-none-eabi/lib/thumb/v7e-m+fp/hard/libc_nano.a(libc_a-impure.o)
                              /Applications/STM32CubeIDE.app/Contents/Eclipse/plugins/com.st.stm32cube.ide.mcu.externaltools.gnu-tools-for-stm32.11.3.rel1.macos64_1.1.0.202305231506/tools/bin/../lib/gcc/arm-none-eabi/11.3.1/../../../../arm-none-eabi/lib/thumb/v7e-m+fp/hard/libc_nano.a(libc_a-sprintf.o) (_impure_ptr)
/Applications/STM32CubeIDE.app/Contents/Eclipse/plugins/com.st.stm32cube.ide.mcu.externaltools.gnu-tools-for-stm32.11.3.rel1.macos64_1.1.0.202305231506/tools/bin/../lib/gcc/arm-none-eabi/11.3.1/../../../../arm-none-eabi/lib/thumb/v7e-m+fp/hard/libc_nano.a(libc_a-errno.o)
                              ./Core/Src/syscalls.o (__errno)
/Applications/STM32CubeIDE.app/Contents/Eclipse/plugins/com.st.stm32cube.ide.mcu.externaltools.gnu-tools-for-stm32.11.3.rel1.macos64_1.1.0.202305231506/tools/bin/../lib/gcc/arm-none-eabi/11.3.1/../../../../arm-none-eabi/lib/thumb/v7e-m+fp/hard/libc_nano.a(libc_a-init.o)
                              /Applications/STM32CubeIDE.app/Contents/Eclipse/plugins/com.st.stm32cube.ide.mcu.externaltools.gnu-tools-for-stm32.11.3.rel1.macos64_1.1.0.202305231506/tools/bin/../lib/gcc/arm-none-eabi/11.3.1/../../../../arm-none-eabi/lib/thumb/v7e-m+fp/hard/crt0.o (__libc_init_array)
/Applications/STM32CubeIDE.app/Contents/Eclipse/plugins/com.st.stm32cube.ide.mcu.externaltools.gnu-tools-for-stm32.11.3.rel1.macos64_1.1.0.202305231506/tools/bin/../lib/gcc/arm-none-eabi/11.3.1/../../../../arm-none-eabi/lib/thumb/v7e-m+fp/hard/libc_nano.a(libc_a-lock.o)
[...]
Memory Configuration

Name             Origin             Length             Attributes
CCMRAM           0x0000000010000000 0x0000000000010000 xrw
RAM              0x0000000020000000 0x0000000000030000 xrw
FLASH            0x0000000008000000 0x0000000000200000 xr
*default*        0x0000000000000000 0xffffffffffffffff

Linker script and memory map

LOAD /Applications/STM32CubeIDE.app/Contents/Eclipse/plugins/com.st.stm32cube.ide.mcu.externaltools.gnu-tools-for-stm32.11.3.rel1.macos64_1.1.0.202305231506/tools/bin/../lib/gcc/arm-none-eabi/11.3.1/thumb/v7e-m+fp/hard/crti.o
LOAD /Applications/STM32CubeIDE.app/Contents/Eclipse/plugins/com.st.stm32cube.ide.mcu.externaltools.gnu-tools-for-stm32.11.3.rel1.macos64_1.1.0.202305231506/tools/bin/../lib/gcc/arm-none-eabi/11.3.1/thumb/v7e-m+fp/hard/crtbegin.o
LOAD /Applications/STM32CubeIDE.app/Contents/Eclipse/plugins/com.st.stm32cube.ide.mcu.externaltools.gnu-tools-for-stm32.11.3.rel1.macos64_1.1.0.202305231506/tools/bin/../lib/gcc/arm-none-eabi/11.3.1/../../../../arm-none-eabi/lib/thumb/v7e-m+fp/hard/crt0.o
LOAD ./Core/Src/ApplicationCode.o
LOAD ./Core/Src/Button_Driver.o
LOAD ./Core/Src/ErrorHandling.o
LOAD ./Core/Src/Gyro.o
LOAD ./Core/Src/InterruptControl.o
LOAD ./Core/Src/LCD_Driver.o
LOAD ./Core/Src/LED_Driver.o
LOAD ./Core/Src/RNG.o
LOAD ./Core/Src/Scheduler.o
LOAD ./Core/Src/fonts.o
LOAD ./Core/Src/main.o
LOAD ./Core/Src/stm32f4xx_hal_msp.o
LOAD ./Core/Src/stm32f4xx_it.o
LOAD ./Core/Src/syscalls.o
LOAD ./Core/Src/sysmem.o
LOAD ./Core/Src/system_stm32f4xx.o
LOAD ./Core/Startup/startup_stm32f429zitx.o
LOAD ./Drivers/STM32F4xx_HAL_Driver/Src/stm32f4xx_hal.o
LOAD ./Drivers/STM32F4xx_HAL_Driver/Src/stm32f4xx_hal_cortex.o
LOAD ./Drivers/STM32F4xx_HAL_Driver/Src/stm32f4xx_hal_dma.o
LOAD ./Drivers/STM32F4xx_HAL_Driver/Src/stm32f4xx_hal_dma_ex.o
LOAD ./Drivers/STM32F4xx_HAL_Driver/Src/stm32f4xx_hal_dsi.o
LOAD ./Drivers/STM32F4xx_HAL_Driver/Src/stm32f4xx_hal_exti.o
LOAD ./Drivers/STM32F4xx_HAL_Driver/Src/stm32f4xx_hal_flash.o
LOAD ./Drivers/STM32F4xx_HAL_Driver/Src/stm32f4xx_hal_flash_ex.o
LOAD ./Drivers/STM32F4xx_HAL_Driver/Src/stm32f4xx_hal_flash_ramfunc.o
LOAD ./Drivers/STM32F4xx_HAL_Driver/Src/stm32f4xx_hal_gpio.o
LOAD ./Drivers/STM32F4xx_HAL_Driver/Src/stm32f4xx_hal_ltdc.o
LOAD ./Drivers/STM32F4xx_HAL_Driver/Src/stm32f4xx_hal_ltdc_ex.o
LOAD ./Drivers/STM32F4xx_HAL_Driver/Src/stm32f4xx_hal_pwr.o
LOAD ./Drivers/STM32F4xx_HAL_Driver/Src/stm32f4xx_hal_pwr_ex.o
LOAD ./Drivers/STM32F4xx_HAL_Driver/Src/stm32f4xx_hal_rcc.o
LOAD ./Drivers/STM32F4xx_HAL_Driver/Src/stm32f4xx_hal_rcc_ex.o
LOAD ./Drivers/STM32F4xx_HAL_Driver/Src/stm32f4xx_hal_rng.o
LOAD ./Drivers/STM32F4xx_HAL_Driver/Src/stm32f4xx_hal_spi.o
START GROUP
LOAD /Applications/STM32CubeIDE.app/Contents/Eclipse/plugins/com.st.stm32cube.ide.mcu.externaltools.gnu-tools-for-stm32.11.3.rel1.macos64_1.1.0.202305231506/tools/bin/../lib/gcc/arm-none-eabi/11.3.1/../../../../arm-none-eabi/lib/thumb/v7e-m+fp/hard/libc_nano.a
LOAD /Applications/STM32CubeIDE.app/Contents/Eclipse/plugins/com.st.stm32cube.ide.mcu.externaltools.gnu-tools-for-stm32.11.3.rel1.macos64_1.1.0.202305231506/tools/bin/../lib/gcc/arm-none-eabi/11.3.1/../../../../arm-none-eabi/lib/thumb/v7e-m+fp/hard/libm.a
END GROUP
START GROUP
LOAD /Applications/STM32CubeIDE.app/Contents/Eclipse/plugins/com.st.stm32cube.ide.mcu.externaltools.gnu-tools-for-stm32.11.3.rel1.macos64_1.1.0.202305231506/tools/bin/../lib/gcc/arm-none-eabi/11.3.1/thumb/v7e-m+fp/hard/libgcc.a
LOAD /Applications/STM32CubeIDE.app/Contents/Eclipse/plugins/com.st.stm32cube.ide.mcu.externaltools.gnu-tools-for-stm32.11.3.rel1.macos64_1.1.0.202305231506/tools/bin/../lib/gcc/arm-none-eabi/11.3.1/../../../../arm-none-eabi/lib/thumb/v7e-m+fp/hard/libc_nano.a
END GROUP
START GROUP
LOAD /Applications/STM32CubeIDE.app/Contents/Eclipse/plugins/com.st.stm32cube.ide.mcu.externaltools.gnu-tools-for-stm32.11.3.rel1.macos64_1.1.0.202305231506/tools/bin/../lib/gcc/arm-none-eabi/11.3.1/thumb/v7e-m+fp/hard/libgcc.a
LOAD /Applications/STM32CubeIDE.app/Contents/Eclipse/plugins/com.st.stm32cube.ide.mcu.externaltools.gnu-tools-for-stm32.11.3.rel1.macos64_1.1.0.202305231506/tools/bin/../lib/gcc/arm-none-eabi/11.3.1/../../../../arm-none-eabi/lib/thumb/v7e-m+fp/hard/libc_nano.a
LOAD /Applications/STM32CubeIDE.app/Contents/Eclipse/plugins/com.st.stm32cube.ide.mcu.externaltools.gnu-tools-for-stm32.11.3.rel1.macos64_1.1.0.202305231506/tools/bin/../lib/gcc/arm-none-eabi/11.3.1/../../../../arm-none-eabi/lib/thumb/v7e-m+fp/hard/libnosys.a
END GROUP
START GROUP
LOAD /Applications/STM32CubeIDE.app/Contents/Eclipse/plugins/com.st.stm32cube.ide.mcu.externaltools.gnu-tools-for-stm32.11.3.rel1.macos64_1.1.0.202305231506/tools/bin/../lib/gcc/arm-none-eabi/11.3.1/thumb/v7e-m+fp/hard/libgcc.a
LOAD /Applications/STM32CubeIDE.app/Contents/Eclipse/plugins/com.st.stm32cube.ide.mcu.externaltools.gnu-tools-for-stm32.11.3.rel1.macos64_1.1.0.202305231506/tools/bin/../lib/gcc/arm-none-eabi/11.3.1/../../../../arm-none-eabi/lib/thumb/v7e-m+fp/hard/libc_nano.a
LOAD /Applications/STM32CubeIDE.app/Contents/Eclipse/plugins/com.st.stm32cube.ide.mcu.externaltools.gnu-tools-for-stm32.11.3.rel1.macos64_1.1.0.202305231506/tools/bin/../lib/gcc/arm-none-eabi/11.3.1/../../../../arm-none-eabi/lib/thumb/v7e-m+fp/hard/libnosys.a
END GROUP
LOAD /Applications/STM32CubeIDE.app/Contents/Eclipse/plugins/com.st.stm32cube.ide.mcu.externaltools.gnu-tools-for-stm32.11.3.rel1.macos64_1.1.0.202305231506/tools/bin/../lib/gcc/arm-none-eabi/11.3.1/thumb/v7e-m+fp/hard/crtend.o
LOAD /Applications/STM32CubeIDE.app/Contents/Eclipse/plugins/com.st.stm32cube.ide.mcu.externaltools.gnu-tools-for-stm32.11.3.rel1.macos64_1.1.0.202305231506/tools/bin/../lib/gcc/arm-none-eabi/11.3.1/thumb/v7e-m+fp/hard/crtn.o
                0x0000000020030000                _estack = (ORIGIN (RAM) + LENGTH (RAM))
                0x0000000000000200                _Min_Heap_Size = 0x200
                0x0000000000000400                _Min_Stack_Size = 0x400

.isr_vector     0x0000000008000000      0x1ac
                0x0000000008000000                . = ALIGN (0x4)
 *(.isr_vector)
 .isr_vector    0x0000000008000000      0x1ac ./Core/Startup/startup_stm32f429zitx.o
                0x0000000008000000                g_pfnVectors
                0x00000000080001ac                . = ALIGN (0x4)

.text           0x00000000080001b0     0x53c0
                0x00000000080001b0                . = ALIGN (0x4)
 *(.text)
 .text          0x00000000080001b0       0x40 /Applications/STM32CubeIDE.app/Contents/Eclipse/plugins/com.st.stm32cube.ide.mcu.externaltools.gnu-tools-for-stm32.11.3.rel1.macos64_1.1.0.202305231506/tools/bin/../lib/gcc/arm-none-eabi/11.3.1/thumb/v7e-m+fp/hard/crtbegin.o
 .text          0x00000000080001f0       0xa0 /Applications/STM32CubeIDE.app/Contents/Eclipse/plugins/com.st.stm32cube.ide.mcu.externaltools.gnu-tools-for-stm32.11.3.rel1.macos64_1.1.0.202305231506/tools/bin/../lib/gcc/arm-none-eabi/11.3.1/../../../../arm-none-eabi/lib/thumb/v7e-m+fp/hard/libc_nano.a(libc_a-memchr.o)
                0x00000000080001f0                memchr
 .text          0x0000000008000290      0x254 /Applications/STM32CubeIDE.app/Contents/Eclipse/plugins/com.st.stm32cube.ide.mcu.externaltools.gnu-tools-for-stm32.11.3.rel1.macos64_1.1.0.202305231506/tools/bin/../lib/gcc/arm-none-eabi/11.3.1/thumb/v7e-m+fp/hard/libgcc.a(_arm_muldf3.o)
                0x0000000008000290                __aeabi_dmul
                0x0000000008000290                __muldf3
 .text          0x00000000080004e4      0x378 /Applications/STM32CubeIDE.app/Contents/Eclipse/plugins/com.st.stm32cube.ide.mcu.externaltools.gnu-tools-for-stm32.11.3.rel1.macos64_1.1.0.202305231506/tools/bin/../lib/gcc/arm-none-eabi/11.3.1/thumb/v7e-m+fp/hard/libgcc.a(_arm_addsubdf3.o)
                0x00000000080004e4                __aeabi_drsub
                0x00000000080004ec                __subdf3
                0x00000000080004ec                __aeabi_dsub
                0x00000000080004f0                __aeabi_dadd
                0x00000000080004f0                __adddf3
                0x0000000008000768                __aeabi_ui2d
                0x0000000008000768                __floatunsidf
                0x0000000008000788                __floatsidf
                0x0000000008000788                __aeabi_i2d
                0x00000000080007ac                __extendsfdf2
                0x00000000080007ac                __aeabi_f2d
                0x00000000080007f0                __aeabi_ul2d
                0x00000000080007f0                __floatundidf
                0x0000000008000800                __aeabi_l2d
                0x0000000008000800                __floatdidf
 .text          0x000000000800085c       0xa0 /Applications/STM32CubeIDE.app/Contents/Eclipse/plugins/com.st.stm32cube.ide.mcu.externaltools.gnu-tools-for-stm32.11.3.rel1.macos64_1.1.0.202305231506/tools/bin/../lib/gcc/arm-none-eabi/11.3.1/thumb/v7e-m+fp/hard/libgcc.a(_arm_truncdfsf2.o)
                0x000000000800085c                __aeabi_d2f
                0x000000000800085c                __truncdfsf2
 .text          0x00000000080008fc       0x30 /Applications/STM32CubeIDE.app/Contents/Eclipse/plugins/com.st.stm32cube.ide.mcu.externaltools.gnu-tools-for-stm32.11.3.rel1.macos64_1.1.0.202305231506/tools/bin/../lib/gcc/arm-none-eabi/11.3.1/thumb/v7e-m+fp/hard/libgcc.a(_aeabi_uldivmod.o)
                0x00000000080008fc                __aeabi_uldivmod
 .text          0x000000000800092c      0x2c8 /Applications/STM32CubeIDE.app/Contents/Eclipse/plugins/com.st.stm32cube.ide.mcu.externaltools.gnu-tools-for-stm32.11.3.rel1.macos64_1.1.0.202305231506/tools/bin/../lib/gcc/arm-none-eabi/11.3.1/thumb/v7e-m+fp/hard/libgcc.a(_udivmoddi4.o)
                0x000000000800092c                __udivmoddi4
 .text          0x0000000008000bf4        0x4 /Applications/STM32CubeIDE.app/Contents/Eclipse/plugins/com.st.stm32cube.ide.mcu.externaltools.gnu-tools-for-stm32.11.3.rel1.macos64_1.1.0.202305231506/tools/bin/../lib/gcc/arm-none-eabi/11.3.1/thumb/v7e-m+fp/hard/libgcc.a(_dvmd_tls.o)
                0x0000000008000bf4                __aeabi_ldiv0
                0x0000000008000bf4                __aeabi_idiv0
 *(.text*)
 .text.ApplicationInit
                0x0000000008000bf8       0x24 ./Core/Src/ApplicationCode.o
                0x0000000008000bf8                ApplicationInit
 .text.EXTI0_IRQHandler
                0x0000000008000c1c       0x9a ./Core/Src/ApplicationCode.o
                0x0000000008000c1c                EXTI0_IRQHandler
 .text.app_Gyro_init
                0x0000000008000cb6        0xc ./Core/Src/ApplicationCode.o
                0x0000000008000cb6                app_Gyro_init
 .text.app_Gyro_configure_regs
                0x0000000008000cc2        0xc ./Core/Src/ApplicationCode.o
                0x0000000008000cc2                app_Gyro_configure_regs
 .text.app_Gyro_getx
                0x0000000008000cce       0x12 ./Core/Src/ApplicationCode.o
                0x0000000008000cce                app_Gyro_getx
 .text.enable_clock
                0x0000000008000ce0       0x34 ./Core/Src/Button_Driver.o
                0x0000000008000ce0                enable_clock
 .text.init_intrp_mode
                0x0000000008000d14       0x44 ./Core/Src/Button_Driver.o
                0x0000000008000d14                init_intrp_mode
 .text.APPLICATION_ASSERT
                0x0000000008000d58       0x24 ./Core/Src/ErrorHandling.o
                0x0000000008000d58                APPLICATION_ASSERT
 .text.Gyro_init
                0x0000000008000d7c      0x104 ./Core/Src/Gyro.o
                0x0000000008000d7c                Gyro_init
 .text.Gyro_configure_regs
                0x0000000008000e80       0xb4 ./Core/Src/Gyro.o
                0x0000000008000e80                Gyro_configure_regs
 .text.Gyro_verify_HAL_status
                0x0000000008000f34       0x1c ./Core/Src/Gyro.o
                0x0000000008000f34                Gyro_verify_HAL_status
 .text.Gyro_enable_slave_communication
                0x0000000008000f50       0x18 ./Core/Src/Gyro.o
                0x0000000008000f50                Gyro_enable_slave_communication
 .text.Gyro_disable_slave_communication
                0x0000000008000f68       0x18 ./Core/Src/Gyro.o
                0x0000000008000f68                Gyro_disable_slave_communication
 .text.Gyro_getx
                0x0000000008000f80       0xbc ./Core/Src/Gyro.o
                0x0000000008000f80                Gyro_getx
 .text.getxhigh
                0x000000000800103c       0x60 ./Core/Src/Gyro.o
                0x000000000800103c                getxhigh
 .text.getxlow  0x000000000800109c       0x60 ./Core/Src/Gyro.o
                0x000000000800109c                getxlow
 .text.IRQ_enable_intrp
                0x00000000080010fc       0x1c ./Core/Src/InterruptControl.o
                0x00000000080010fc                IRQ_enable_intrp
 .text.IRQ_disable_intrp
                0x0000000008001118       0x1c ./Core/Src/InterruptControl.o
                0x0000000008001118                IRQ_disable_intrp
 .text.IRQ_clear_pending_intrp
                0x0000000008001134       0x1c ./Core/Src/InterruptControl.o
                0x0000000008001134                IRQ_clear_pending_intrp
 .text.EXTI_clear_pending_intrp
                0x0000000008001150       0x30 ./Core/Src/InterruptControl.o
                0x0000000008001150                EXTI_clear_pending_intrp
 .text.LCD_GPIO_Init
                0x0000000008001180      0x190 ./Core/Src/LCD_Driver.o
                0x0000000008001180                LCD_GPIO_Init
 .text.LTCD__Init
                0x0000000008001310       0xbc ./Core/Src/LCD_Driver.o
                0x0000000008001310                LTCD__Init
 .text.LTCD_Layer_Init
                0x00000000080013cc       0x80 ./Core/Src/LCD_Driver.o
                0x00000000080013cc                LTCD_Layer_Init
 .text.LCD_Draw_Pixel
                0x000000000800144c       0x3c ./Core/Src/LCD_Driver.o
                0x000000000800144c                LCD_Draw_Pixel
 .text.LCD_DrawChar
                0x0000000008001488       0xdc ./Core/Src/LCD_Driver.o
                0x0000000008001488                LCD_DrawChar
 .text.LCD_DisplayChar
                0x0000000008001564       0x44 ./Core/Src/LCD_Driver.o
                0x0000000008001564                LCD_DisplayChar
 .text.LCD_SetTextColor
                0x00000000080015a8       0x20 ./Core/Src/LCD_Driver.o
                0x00000000080015a8                LCD_SetTextColor
 .text.LCD_SetFont
                0x00000000080015c8       0x20 ./Core/Src/LCD_Driver.o
                0x00000000080015c8                LCD_SetFont
 .text.LCD_Draw_Circle_Fill
                0x00000000080015e8       0xa6 ./Core/Src/LCD_Driver.o
                0x00000000080015e8                LCD_Draw_Circle_Fill
 *fill*         0x000000000800168e        0x2 
 .text.LCD_Clear
                0x0000000008001690       0x44 ./Core/Src/LCD_Driver.o
                0x0000000008001690                LCD_Clear
 .text.LCD_Error_Handler
                0x00000000080016d4        0x6 ./Core/Src/LCD_Driver.o
                0x00000000080016d4                LCD_Error_Handler
 .text.Display_Ball
                0x00000000080016da       0x36 ./Core/Src/LCD_Driver.o
                0x00000000080016da                Display_Ball
 .text.startScreen
                0x0000000008001710      0x130 ./Core/Src/LCD_Driver.o
                0x0000000008001710                startScreen
 .text.gameOver
                0x0000000008001840       0x7c ./Core/Src/LCD_Driver.o
                0x0000000008001840                gameOver
 .text.ili9341_Init
                0x00000000080018bc      0x294 ./Core/Src/LCD_Driver.o
                0x00000000080018bc                ili9341_Init
 .text.ili9341_Write_Reg
                0x0000000008001b50       0x1a ./Core/Src/LCD_Driver.o
                0x0000000008001b50                ili9341_Write_Reg
 .text.ili9341_Send_Data
                0x0000000008001b6a       0x1a ./Core/Src/LCD_Driver.o
                0x0000000008001b6a                ili9341_Send_Data
 .text.SPI_Init
                0x0000000008001b84       0x74 ./Core/Src/LCD_Driver.o
 .text.SPI_Write
                0x0000000008001bf8       0x3c ./Core/Src/LCD_Driver.o
 .text.SPI_Error
                0x0000000008001c34       0x18 ./Core/Src/LCD_Driver.o
 .text.SPI_MspInit
                0x0000000008001c4c       0x74 ./Core/Src/LCD_Driver.o
 .text.LCD_IO_Init
                0x0000000008001cc0       0xf0 ./Core/Src/LCD_Driver.o
                0x0000000008001cc0                LCD_IO_Init
 .text.LCD_IO_WriteData
                0x0000000008001db0       0x44 ./Core/Src/LCD_Driver.o
                0x0000000008001db0                LCD_IO_WriteData
 .text.LCD_IO_WriteReg
                0x0000000008001df4       0x44 ./Core/Src/LCD_Driver.o
                0x0000000008001df4                LCD_IO_WriteReg
 .text.LCD_Delay
                0x0000000008001e38       0x16 ./Core/Src/LCD_Driver.o
                0x0000000008001e38                LCD_Delay
 *fill*         0x0000000008001e4e        0x2 
 .text.RNG_init
                0x0000000008001e50       0x70 ./Core/Src/RNG.o
                0x0000000008001e50                RNG_init
 .text.getRNG   0x0000000008001ec0       0x54 ./Core/Src/RNG.o
                0x0000000008001ec0                getRNG
 .text.addSchedulerEvent
                0x0000000008001f14       0x24 ./Core/Src/Scheduler.o
                0x0000000008001f14                addSchedulerEvent
 .text.removeSchedulerEvent
                0x0000000008001f38       0x28 ./Core/Src/Scheduler.o
                0x0000000008001f38                removeSchedulerEvent
 .text.getScheduledEvents
                0x0000000008001f60       0x18 ./Core/Src/Scheduler.o
                0x0000000008001f60                getScheduledEvents
 .text.main     0x0000000008001f78      0x1e0 ./Core/Src/main.o
                0x0000000008001f78                main
 .text.systemClockOverride
                0x0000000008002158       0x80 ./Core/Src/main.o
                0x0000000008002158                systemClockOverride
 .text.Error_Handler
                0x00000000080021d8        0xa ./Core/Src/main.o
                0x00000000080021d8                Error_Handler
 *fill*         0x00000000080021e2        0x2 
 .text.HAL_MspInit
                0x00000000080021e4       0x50 ./Core/Src/stm32f4xx_hal_msp.o
                0x00000000080021e4                HAL_MspInit
 .text.HAL_LTDC_MspInit
                0x0000000008002234      0x250 ./Core/Src/stm32f4xx_hal_msp.o
                0x0000000008002234                HAL_LTDC_MspInit
 .text.HAL_RNG_MspInit
                0x0000000008002484       0x44 ./Core/Src/stm32f4xx_hal_msp.o
                0x0000000008002484                HAL_RNG_MspInit
 .text.HAL_SPI_MspInit
                0x00000000080024c8       0x90 ./Core/Src/stm32f4xx_hal_msp.o
                0x00000000080024c8                HAL_SPI_MspInit
 .text.HAL_SPI_MspDeInit
                0x0000000008002558       0x3c ./Core/Src/stm32f4xx_hal_msp.o
                0x0000000008002558                HAL_SPI_MspDeInit
 .text.NMI_Handler
                0x0000000008002594        0x6 ./Core/Src/stm32f4xx_it.o
                0x0000000008002594                NMI_Handler
 .text.HardFault_Handler
                0x000000000800259a        0x6 ./Core/Src/stm32f4xx_it.o
                0x000000000800259a                HardFault_Handler
 .text.MemManage_Handler
                0x00000000080025a0        0x6 ./Core/Src/stm32f4xx_it.o
                0x00000000080025a0                MemManage_Handler
 .text.BusFault_Handler
                0x00000000080025a6        0x6 ./Core/Src/stm32f4xx_it.o
                0x00000000080025a6                BusFault_Handler
 .text.UsageFault_Handler
                0x00000000080025ac        0x6 ./Core/Src/stm32f4xx_it.o
                0x00000000080025ac                UsageFault_Handler
 .text.SVC_Handler
                0x00000000080025b2        0xe ./Core/Src/stm32f4xx_it.o
                0x00000000080025b2                SVC_Handler
 .text.DebugMon_Handler
                0x00000000080025c0        0xe ./Core/Src/stm32f4xx_it.o
                0x00000000080025c0                DebugMon_Handler
 .text.PendSV_Handler
                0x00000000080025ce        0xe ./Core/Src/stm32f4xx_it.o
                0x00000000080025ce                PendSV_Handler
 .text.SysTick_Handler
                0x00000000080025dc        0xc ./Core/Src/stm32f4xx_it.o
                0x00000000080025dc                SysTick_Handler
 .text._sbrk    0x00000000080025e8       0x6c ./Core/Src/sysmem.o
                0x00000000080025e8                _sbrk
 .text.SystemInit
                0x0000000008002654       0x24 ./Core/Src/system_stm32f4xx.o
                0x0000000008002654                SystemInit
 .text.Reset_Handler
                0x0000000008002678       0x50 ./Core/Startup/startup_stm32f429zitx.o
                0x0000000008002678                Reset_Handler
 .text.Default_Handler
                0x00000000080026c8        0x2 ./Core/Startup/startup_stm32f429zitx.o
                0x00000000080026c8                DMA1_Stream3_IRQHandler
                0x00000000080026c8                HASH_RNG_IRQHandler
                0x00000000080026c8                EXTI2_IRQHandler
                0x00000000080026c8                TIM8_CC_IRQHandler
                0x00000000080026c8                UART8_IRQHandler
                0x00000000080026c8                SPI4_IRQHandler
                0x00000000080026c8                TIM1_CC_IRQHandler
                0x00000000080026c8                DMA2_Stream5_IRQHandler
                0x00000000080026c8                DMA1_Stream5_IRQHandler
                0x00000000080026c8                PVD_IRQHandler
                0x00000000080026c8                SDIO_IRQHandler
                0x00000000080026c8                TAMP_STAMP_IRQHandler
                0x00000000080026c8                CAN2_RX1_IRQHandler
                0x00000000080026c8                EXTI3_IRQHandler
                0x00000000080026c8                TIM8_TRG_COM_TIM14_IRQHandler
                0x00000000080026c8                TIM1_UP_TIM10_IRQHandler
                0x00000000080026c8                TIM8_UP_TIM13_IRQHandler
                0x00000000080026c8                I2C3_ER_IRQHandler
                0x00000000080026c8                I2C2_EV_IRQHandler
                0x00000000080026c8                DMA1_Stream2_IRQHandler
                0x00000000080026c8                CAN1_RX0_IRQHandler
                0x00000000080026c8                FPU_IRQHandler
                0x00000000080026c8                OTG_HS_WKUP_IRQHandler
                0x00000000080026c8                LTDC_ER_IRQHandler
                0x00000000080026c8                CAN2_SCE_IRQHandler
                0x00000000080026c8                DMA2_Stream2_IRQHandler
                0x00000000080026c8                SPI1_IRQHandler
                0x00000000080026c8                TIM6_DAC_IRQHandler
                0x00000000080026c8                TIM1_BRK_TIM9_IRQHandler
                0x00000000080026c8                DCMI_IRQHandler
                0x00000000080026c8                CAN2_RX0_IRQHandler
                0x00000000080026c8                DMA2_Stream3_IRQHandler
                0x00000000080026c8                USART6_IRQHandler
                0x00000000080026c8                USART3_IRQHandler
                0x00000000080026c8                CAN1_RX1_IRQHandler
                0x00000000080026c8                UART5_IRQHandler
                0x00000000080026c8                DMA2_Stream0_IRQHandler
                0x00000000080026c8                TIM4_IRQHandler
                0x00000000080026c8                I2C1_EV_IRQHandler
                0x00000000080026c8                DMA1_Stream6_IRQHandler
                0x00000000080026c8                DMA1_Stream1_IRQHandler
                0x00000000080026c8                UART4_IRQHandler
                0x00000000080026c8                TIM3_IRQHandler
                0x00000000080026c8                RCC_IRQHandler
                0x00000000080026c8                TIM8_BRK_TIM12_IRQHandler
                0x00000000080026c8                Default_Handler
                0x00000000080026c8                EXTI15_10_IRQHandler
                0x00000000080026c8                ADC_IRQHandler
                0x00000000080026c8                DMA1_Stream7_IRQHandler
                0x00000000080026c8                SPI5_IRQHandler
                0x00000000080026c8                TIM7_IRQHandler
                0x00000000080026c8                CAN2_TX_IRQHandler
                0x00000000080026c8                TIM5_IRQHandler
                0x00000000080026c8                DMA2_Stream7_IRQHandler
                0x00000000080026c8                I2C3_EV_IRQHandler
                0x00000000080026c8                EXTI9_5_IRQHandler
                0x00000000080026c8                RTC_WKUP_IRQHandler
                0x00000000080026c8                LTDC_IRQHandler
                0x00000000080026c8                ETH_WKUP_IRQHandler
                0x00000000080026c8                SPI2_IRQHandler
                0x00000000080026c8                OTG_HS_EP1_IN_IRQHandler
                0x00000000080026c8                DMA1_Stream0_IRQHandler
                0x00000000080026c8                CAN1_TX_IRQHandler
                0x00000000080026c8                EXTI4_IRQHandler
                0x00000000080026c8                ETH_IRQHandler
                0x00000000080026c8                OTG_HS_EP1_OUT_IRQHandler
                0x00000000080026c8                WWDG_IRQHandler
                0x00000000080026c8                SPI6_IRQHandler
                0x00000000080026c8                TIM2_IRQHandler
                0x00000000080026c8                OTG_FS_WKUP_IRQHandler
                0x00000000080026c8                TIM1_TRG_COM_TIM11_IRQHandler
                0x00000000080026c8                OTG_HS_IRQHandler
                0x00000000080026c8                DMA2D_IRQHandler
                0x00000000080026c8                EXTI1_IRQHandler
                0x00000000080026c8                UART7_IRQHandler
                0x00000000080026c8                USART2_IRQHandler
                0x00000000080026c8                I2C2_ER_IRQHandler
                0x00000000080026c8                DMA2_Stream1_IRQHandler
                0x00000000080026c8                CAN1_SCE_IRQHandler
                0x00000000080026c8                FLASH_IRQHandler
                0x00000000080026c8                DMA2_Stream4_IRQHandler
                0x00000000080026c8                USART1_IRQHandler
                0x00000000080026c8                OTG_FS_IRQHandler
                0x00000000080026c8                SPI3_IRQHandler
                0x00000000080026c8                DMA1_Stream4_IRQHandler
                0x00000000080026c8                I2C1_ER_IRQHandler
                0x00000000080026c8                FMC_IRQHandler
                0x00000000080026c8                DMA2_Stream6_IRQHandler
                0x00000000080026c8                SAI1_IRQHandler
                0x00000000080026c8                RTC_Alarm_IRQHandler
 *fill*         0x00000000080026ca        0x2 
 .text.HAL_Init
                0x00000000080026cc       0x44 ./Drivers/STM32F4xx_HAL_Driver/Src/stm32f4xx_hal.o
                0x00000000080026cc                HAL_Init
 .text.HAL_InitTick
                0x0000000008002710       0x60 ./Drivers/STM32F4xx_HAL_Driver/Src/stm32f4xx_hal.o
                0x0000000008002710                HAL_InitTick
 .text.HAL_IncTick
                0x0000000008002770       0x28 ./Drivers/STM32F4xx_HAL_Driver/Src/stm32f4xx_hal.o
                0x0000000008002770                HAL_IncTick
 .text.HAL_GetTick
                0x0000000008002798       0x18 ./Drivers/STM32F4xx_HAL_Driver/Src/stm32f4xx_hal.o
                0x0000000008002798                HAL_GetTick
 .text.HAL_Delay
                0x00000000080027b0       0x48 ./Drivers/STM32F4xx_HAL_Driver/Src/stm32f4xx_hal.o
                0x00000000080027b0                HAL_Delay
 .text.__NVIC_SetPriorityGrouping
                0x00000000080027f8       0x48 ./Drivers/STM32F4xx_HAL_Driver/Src/stm32f4xx_hal_cortex.o
 .text.__NVIC_GetPriorityGrouping
                0x0000000008002840       0x1c ./Drivers/STM32F4xx_HAL_Driver/Src/stm32f4xx_hal_cortex.o
 .text.__NVIC_EnableIRQ
                0x000000000800285c       0x3c ./Drivers/STM32F4xx_HAL_Driver/Src/stm32f4xx_hal_cortex.o
 .text.__NVIC_DisableIRQ
                0x0000000008002898       0x48 ./Drivers/STM32F4xx_HAL_Driver/Src/stm32f4xx_hal_cortex.o
 .text.__NVIC_ClearPendingIRQ
                0x00000000080028e0       0x3c ./Drivers/STM32F4xx_HAL_Driver/Src/stm32f4xx_hal_cortex.o
 .text.__NVIC_SetPriority
                0x000000000800291c       0x54 ./Drivers/STM32F4xx_HAL_Driver/Src/stm32f4xx_hal_cortex.o
 .text.NVIC_EncodePriority
                0x0000000008002970       0x66 ./Drivers/STM32F4xx_HAL_Driver/Src/stm32f4xx_hal_cortex.o
 *fill*         0x00000000080029d6        0x2 
 .text.SysTick_Config
                0x00000000080029d8       0x44 ./Drivers/STM32F4xx_HAL_Driver/Src/stm32f4xx_hal_cortex.o
 .text.HAL_NVIC_SetPriorityGrouping
                0x0000000008002a1c       0x16 ./Drivers/STM32F4xx_HAL_Driver/Src/stm32f4xx_hal_cortex.o
                0x0000000008002a1c                HAL_NVIC_SetPriorityGrouping
 .text.HAL_NVIC_SetPriority
                0x0000000008002a32       0x38 ./Drivers/STM32F4xx_HAL_Driver/Src/stm32f4xx_hal_cortex.o
                0x0000000008002a32                HAL_NVIC_SetPriority
 .text.HAL_NVIC_EnableIRQ
                0x0000000008002a6a       0x1c ./Drivers/STM32F4xx_HAL_Driver/Src/stm32f4xx_hal_cortex.o
                0x0000000008002a6a                HAL_NVIC_EnableIRQ
 .text.HAL_NVIC_DisableIRQ
                0x0000000008002a86       0x1c ./Drivers/STM32F4xx_HAL_Driver/Src/stm32f4xx_hal_cortex.o
                0x0000000008002a86                HAL_NVIC_DisableIRQ
 .text.HAL_SYSTICK_Config
                0x0000000008002aa2       0x18 ./Drivers/STM32F4xx_HAL_Driver/Src/stm32f4xx_hal_cortex.o
                0x0000000008002aa2                HAL_SYSTICK_Config
 .text.HAL_NVIC_ClearPendingIRQ
                0x0000000008002aba       0x1c ./Drivers/STM32F4xx_HAL_Driver/Src/stm32f4xx_hal_cortex.o
                0x0000000008002aba                HAL_NVIC_ClearPendingIRQ
 *fill*         0x0000000008002ad6        0x2 
 .text.HAL_GPIO_Init
                0x0000000008002ad8      0x358 ./Drivers/STM32F4xx_HAL_Driver/Src/stm32f4xx_hal_gpio.o
                0x0000000008002ad8                HAL_GPIO_Init
 .text.HAL_GPIO_DeInit
                0x0000000008002e30      0x218 ./Drivers/STM32F4xx_HAL_Driver/Src/stm32f4xx_hal_gpio.o
                0x0000000008002e30                HAL_GPIO_DeInit
 .text.HAL_GPIO_ReadPin
                0x0000000008003048       0x30 ./Drivers/STM32F4xx_HAL_Driver/Src/stm32f4xx_hal_gpio.o
                0x0000000008003048                HAL_GPIO_ReadPin
 .text.HAL_GPIO_WritePin
                0x0000000008003078       0x32 ./Drivers/STM32F4xx_HAL_Driver/Src/stm32f4xx_hal_gpio.o
                0x0000000008003078                HAL_GPIO_WritePin
 *fill*         0x00000000080030aa        0x2 
 .text.HAL_LTDC_Init
                0x00000000080030ac      0x1a0 ./Drivers/STM32F4xx_HAL_Driver/Src/stm32f4xx_hal_ltdc.o
                0x00000000080030ac                HAL_LTDC_Init
 .text.HAL_LTDC_ConfigLayer
                0x000000000800324c       0x7c ./Drivers/STM32F4xx_HAL_Driver/Src/stm32f4xx_hal_ltdc.o
                0x000000000800324c                HAL_LTDC_ConfigLayer
 .text.LTDC_SetConfig
                0x00000000080032c8      0x32e ./Drivers/STM32F4xx_HAL_Driver/Src/stm32f4xx_hal_ltdc.o
 *fill*         0x00000000080035f6        0x2 
 .text.HAL_RCC_OscConfig
                0x00000000080035f8      0x4f0 ./Drivers/STM32F4xx_HAL_Driver/Src/stm32f4xx_hal_rcc.o
                0x00000000080035f8                HAL_RCC_OscConfig
 .text.HAL_RCC_ClockConfig
                0x0000000008003ae8      0x1cc ./Drivers/STM32F4xx_HAL_Driver/Src/stm32f4xx_hal_rcc.o
                0x0000000008003ae8                HAL_RCC_ClockConfig
 .text.HAL_RCC_GetSysClockFreq
                0x0000000008003cb4      0x20c ./Drivers/STM32F4xx_HAL_Driver/Src/stm32f4xx_hal_rcc.o
                0x0000000008003cb4                HAL_RCC_GetSysClockFreq
 .text.HAL_RCCEx_PeriphCLKConfig
                0x0000000008003ec0      0x380 ./Drivers/STM32F4xx_HAL_Driver/Src/stm32f4xx_hal_rcc_ex.o
                0x0000000008003ec0                HAL_RCCEx_PeriphCLKConfig
 .text.HAL_RNG_Init
                0x0000000008004240       0x54 ./Drivers/STM32F4xx_HAL_Driver/Src/stm32f4xx_hal_rng.o
                0x0000000008004240                HAL_RNG_Init
 .text.HAL_RNG_GenerateRandomNumber
                0x0000000008004294       0xac ./Drivers/STM32F4xx_HAL_Driver/Src/stm32f4xx_hal_rng.o
                0x0000000008004294                HAL_RNG_GenerateRandomNumber
 .text.HAL_SPI_Init
                0x0000000008004340      0x112 ./Drivers/STM32F4xx_HAL_Driver/Src/stm32f4xx_hal_spi.o
                0x0000000008004340                HAL_SPI_Init
 .text.HAL_SPI_DeInit
                0x0000000008004452       0x50 ./Drivers/STM32F4xx_HAL_Driver/Src/stm32f4xx_hal_spi.o
                0x0000000008004452                HAL_SPI_DeInit
 .text.HAL_SPI_Transmit
                0x00000000080044a2      0x278 ./Drivers/STM32F4xx_HAL_Driver/Src/stm32f4xx_hal_spi.o
                0x00000000080044a2                HAL_SPI_Transmit
 .text.HAL_SPI_TransmitReceive
                0x000000000800471a      0x344 ./Drivers/STM32F4xx_HAL_Driver/Src/stm32f4xx_hal_spi.o
                0x000000000800471a                HAL_SPI_TransmitReceive
 .text.HAL_SPI_GetState
                0x0000000008004a5e       0x1c ./Drivers/STM32F4xx_HAL_Driver/Src/stm32f4xx_hal_spi.o
                0x0000000008004a5e                HAL_SPI_GetState
 *fill*         0x0000000008004a7a        0x2 
 .text.SPI_WaitFlagStateUntilTimeout
                0x0000000008004a7c      0x110 ./Drivers/STM32F4xx_HAL_Driver/Src/stm32f4xx_hal_spi.o
 .text.SPI_EndRxTxTransaction
                0x0000000008004b8c       0x84 ./Drivers/STM32F4xx_HAL_Driver/Src/stm32f4xx_hal_spi.o
 .text.sprintf  0x0000000008004c10       0x40 /Applications/STM32CubeIDE.app/Contents/Eclipse/plugins/com.st.stm32cube.ide.mcu.externaltools.gnu-tools-for-stm32.11.3.rel1.macos64_1.1.0.202305231506/tools/bin/../lib/gcc/arm-none-eabi/11.3.1/../../../../arm-none-eabi/lib/thumb/v7e-m+fp/hard/libc_nano.a(libc_a-sprintf.o)
                0x0000000008004c10                sprintf
                0x0000000008004c10                siprintf
 .text.memset   0x0000000008004c50       0x10 /Applications/STM32CubeIDE.app/Contents/Eclipse/plugins/com.st.stm32cube.ide.mcu.externaltools.gnu-tools-for-stm32.11.3.rel1.macos64_1.1.0.202305231506/tools/bin/../lib/gcc/arm-none-eabi/11.3.1/../../../../arm-none-eabi/lib/thumb/v7e-m+fp/hard/libc_nano.a(libc_a-memset.o)
                0x0000000008004c50                memset
 .text.__errno  0x0000000008004c60        0xc /Applications/STM32CubeIDE.app/Contents/Eclipse/plugins/com.st.stm32cube.ide.mcu.externaltools.gnu-tools-for-stm32.11.3.rel1.macos64_1.1.0.202305231506/tools/bin/../lib/gcc/arm-none-eabi/11.3.1/../../../../arm-none-eabi/lib/thumb/v7e-m+fp/hard/libc_nano.a(libc_a-errno.o)
                0x0000000008004c60                __errno
 .text.__libc_init_array
                0x0000000008004c6c       0x48 /Applications/STM32CubeIDE.app/Contents/Eclipse/plugins/com.st.stm32cube.ide.mcu.externaltools.gnu-tools-for-stm32.11.3.rel1.macos64_1.1.0.202305231506/tools/bin/../lib/gcc/arm-none-eabi/11.3.1/../../../../arm-none-eabi/lib/thumb/v7e-m+fp/hard/libc_nano.a(libc_a-init.o)
                0x0000000008004c6c                __libc_init_array
 .text.__retarget_lock_acquire_recursive
                0x0000000008004cb4        0x2 /Applications/STM32CubeIDE.app/Contents/Eclipse/plugins/com.st.stm32cube.ide.mcu.externaltools.gnu-tools-for-stm32.11.3.rel1.macos64_1.1.0.202305231506/tools/bin/../lib/gcc/arm-none-eabi/11.3.1/../../../../arm-none-eabi/lib/thumb/v7e-m+fp/hard/libc_nano.a(libc_a-lock.o)
                0x0000000008004cb4                __retarget_lock_acquire_recursive
 .text.__retarget_lock_release_recursive
                0x0000000008004cb6        0x2 /Applications/STM32CubeIDE.app/Contents/Eclipse/plugins/com.st.stm32cube.ide.mcu.externaltools.gnu-tools-for-stm32.11.3.rel1.macos64_1.1.0.202305231506/tools/bin/../lib/gcc/arm-none-eabi/11.3.1/../../../../arm-none-eabi/lib/thumb/v7e-m+fp/hard/libc_nano.a(libc_a-lock.o)
                0x0000000008004cb6                __retarget_lock_release_recursive
 .text.__ssputs_r
                0x0000000008004cb8       0xb4 /Applications/STM32CubeIDE.app/Contents/Eclipse/plugins/com.st.stm32cube.ide.mcu.externaltools.gnu-tools-for-stm32.11.3.rel1.macos64_1.1.0.202305231506/tools/bin/../lib/gcc/arm-none-eabi/11.3.1/../../../../arm-none-eabi/lib/thumb/v7e-m+fp/hard/libc_nano.a(libc_a-nano-svfprintf.o)
                0x0000000008004cb8                __ssputs_r
 .text._svfprintf_r
                0x0000000008004d6c      0x1fc /Applications/STM32CubeIDE.app/Contents/Eclipse/plugins/com.st.stm32cube.ide.mcu.externaltools.gnu-tools-for-stm32.11.3.rel1.macos64_1.1.0.202305231506/tools/bin/../lib/gcc/arm-none-eabi/11.3.1/../../../../arm-none-eabi/lib/thumb/v7e-m+fp/hard/libc_nano.a(libc_a-nano-svfprintf.o)
                0x0000000008004d6c                _svfprintf_r
                0x0000000008004d6c                _svfiprintf_r
 .text.sbrk_aligned
                0x0000000008004f68       0x40 /Applications/STM32CubeIDE.app/Contents/Eclipse/plugins/com.st.stm32cube.ide.mcu.externaltools.gnu-tools-for-stm32.11.3.rel1.macos64_1.1.0.202305231506/tools/bin/../lib/gcc/arm-none-eabi/11.3.1/../../../../arm-none-eabi/lib/thumb/v7e-m+fp/hard/libc_nano.a(libc_a-mallocr.o)
 .text._malloc_r
                0x0000000008004fa8      0x100 /Applications/STM32CubeIDE.app/Contents/Eclipse/plugins/com.st.stm32cube.ide.mcu.externaltools.gnu-tools-for-stm32.11.3.rel1.macos64_1.1.0.202305231506/tools/bin/../lib/gcc/arm-none-eabi/11.3.1/../../../../arm-none-eabi/lib/thumb/v7e-m+fp/hard/libc_nano.a(libc_a-mallocr.o)
                0x0000000008004fa8                _malloc_r
 .text._printf_common
                0x00000000080050a8       0xda /Applications/STM32CubeIDE.app/Contents/Eclipse/plugins/com.st.stm32cube.ide.mcu.externaltools.gnu-tools-for-stm32.11.3.rel1.macos64_1.1.0.202305231506/tools/bin/../lib/gcc/arm-none-eabi/11.3.1/../../../../arm-none-eabi/lib/thumb/v7e-m+fp/hard/libc_nano.a(libc_a-nano-vfprintf_i.o)
                0x00000000080050a8                _printf_common
 *fill*         0x0000000008005182        0x2 
 .text._printf_i
                0x0000000008005184      0x244 /Applications/STM32CubeIDE.app/Contents/Eclipse/plugins/com.st.stm32cube.ide.mcu.externaltools.gnu-tools-for-stm32.11.3.rel1.macos64_1.1.0.202305231506/tools/bin/../lib/gcc/arm-none-eabi/11.3.1/../../../../arm-none-eabi/lib/thumb/v7e-m+fp/hard/libc_nano.a(libc_a-nano-vfprintf_i.o)
                0x0000000008005184                _printf_i
 .text.__malloc_lock
                0x00000000080053c8        0xc /Applications/STM32CubeIDE.app/Contents/Eclipse/plugins/com.st.stm32cube.ide.mcu.externaltools.gnu-tools-for-stm32.11.3.rel1.macos64_1.1.0.202305231506/tools/bin/../lib/gcc/arm-none-eabi/11.3.1/../../../../arm-none-eabi/lib/thumb/v7e-m+fp/hard/libc_nano.a(libc_a-mlock.o)
                0x00000000080053c8                __malloc_lock
 .text.__malloc_unlock
                0x00000000080053d4        0xc /Applications/STM32CubeIDE.app/Contents/Eclipse/plugins/com.st.stm32cube.ide.mcu.externaltools.gnu-tools-for-stm32.11.3.rel1.macos64_1.1.0.202305231506/tools/bin/../lib/gcc/arm-none-eabi/11.3.1/../../../../arm-none-eabi/lib/thumb/v7e-m+fp/hard/libc_nano.a(libc_a-mlock.o)
                0x00000000080053d4                __malloc_unlock
 .text._realloc_r
                0x00000000080053e0       0x5e /Applications/STM32CubeIDE.app/Contents/Eclipse/plugins/com.st.stm32cube.ide.mcu.externaltools.gnu-tools-for-stm32.11.3.rel1.macos64_1.1.0.202305231506/tools/bin/../lib/gcc/arm-none-eabi/11.3.1/../../../../arm-none-eabi/lib/thumb/v7e-m+fp/hard/libc_nano.a(libc_a-reallocr.o)
                0x00000000080053e0                _realloc_r
 .text.memmove  0x000000000800543e       0x34 /Applications/STM32CubeIDE.app/Contents/Eclipse/plugins/com.st.stm32cube.ide.mcu.externaltools.gnu-tools-for-stm32.11.3.rel1.macos64_1.1.0.202305231506/tools/bin/../lib/gcc/arm-none-eabi/11.3.1/../../../../arm-none-eabi/lib/thumb/v7e-m+fp/hard/libc_nano.a(libc_a-memmove.o)
                0x000000000800543e                memmove
 *fill*         0x0000000008005472        0x2 
 .text._sbrk_r  0x0000000008005474       0x20 /Applications/STM32CubeIDE.app/Contents/Eclipse/plugins/com.st.stm32cube.ide.mcu.externaltools.gnu-tools-for-stm32.11.3.rel1.macos64_1.1.0.202305231506/tools/bin/../lib/gcc/arm-none-eabi/11.3.1/../../../../arm-none-eabi/lib/thumb/v7e-m+fp/hard/libc_nano.a(libc_a-sbrkr.o)
                0x0000000008005474                _sbrk_r
 .text.memcpy   0x0000000008005494       0x1c /Applications/STM32CubeIDE.app/Contents/Eclipse/plugins/com.st.stm32cube.ide.mcu.externaltools.gnu-tools-for-stm32.11.3.rel1.macos64_1.1.0.202305231506/tools/bin/../lib/gcc/arm-none-eabi/11.3.1/../../../../arm-none-eabi/lib/thumb/v7e-m+fp/hard/libc_nano.a(libc_a-memcpy-stub.o)
                0x0000000008005494                memcpy
 .text._free_r  0x00000000080054b0       0x98 /Applications/STM32CubeIDE.app/Contents/Eclipse/plugins/com.st.stm32cube.ide.mcu.externaltools.gnu-tools-for-stm32.11.3.rel1.macos64_1.1.0.202305231506/tools/bin/../lib/gcc/arm-none-eabi/11.3.1/../../../../arm-none-eabi/lib/thumb/v7e-m+fp/hard/libc_nano.a(libc_a-freer.o)
                0x00000000080054b0                _free_r
 .text._malloc_usable_size_r
                0x0000000008005548       0x10 /Applications/STM32CubeIDE.app/Contents/Eclipse/plugins/com.st.stm32cube.ide.mcu.externaltools.gnu-tools-for-stm32.11.3.rel1.macos64_1.1.0.202305231506/tools/bin/../lib/gcc/arm-none-eabi/11.3.1/../../../../arm-none-eabi/lib/thumb/v7e-m+fp/hard/libc_nano.a(libc_a-msizer.o)
                0x0000000008005548                _malloc_usable_size_r
 *(.glue_7)
 .glue_7        0x0000000008005558        0x0 linker stubs
 *(.glue_7t)
 .glue_7t       0x0000000008005558        0x0 linker stubs
 *(.eh_frame)
 .eh_frame      0x0000000008005558        0x0 /Applications/STM32CubeIDE.app/Contents/Eclipse/plugins/com.st.stm32cube.ide.mcu.externaltools.gnu-tools-for-stm32.11.3.rel1.macos64_1.1.0.202305231506/tools/bin/../lib/gcc/arm-none-eabi/11.3.1/thumb/v7e-m+fp/hard/crtbegin.o
 *(.init)
 .init          0x0000000008005558        0x4 /Applications/STM32CubeIDE.app/Contents/Eclipse/plugins/com.st.stm32cube.ide.mcu.externaltools.gnu-tools-for-stm32.11.3.rel1.macos64_1.1.0.202305231506/tools/bin/../lib/gcc/arm-none-eabi/11.3.1/thumb/v7e-m+fp/hard/crti.o
                0x0000000008005558                _init
 .init          0x000000000800555c        0x8 /Applications/STM32CubeIDE.app/Contents/Eclipse/plugins/com.st.stm32cube.ide.mcu.externaltools.gnu-tools-for-stm32.11.3.rel1.macos64_1.1.0.202305231506/tools/bin/../lib/gcc/arm-none-eabi/11.3.1/thumb/v7e-m+fp/hard/crtn.o
 *(.fini)
 .fini          0x0000000008005564        0x4 /Applications/STM32CubeIDE.app/Contents/Eclipse/plugins/com.st.stm32cube.ide.mcu.externaltools.gnu-tools-for-stm32.11.3.rel1.macos64_1.1.0.202305231506/tools/bin/../lib/gcc/arm-none-eabi/11.3.1/thumb/v7e-m+fp/hard/crti.o
                0x0000000008005564                _fini
 .fini          0x0000000008005568        0x8 /Applications/STM32CubeIDE.app/Contents/Eclipse/plugins/com.st.stm32cube.ide.mcu.externaltools.gnu-tools-for-stm32.11.3.rel1.macos64_1.1.0.202305231506/tools/bin/../lib/gcc/arm-none-eabi/11.3.1/thumb/v7e-m+fp/hard/crtn.o
                0x0000000008005570                . = ALIGN (0x4)
                0x0000000008005570                _etext = .

.vfp11_veneer   0x0000000008005570        0x0
 .vfp11_veneer  0x0000000008005570        0x0 linker stubs

.v4_bx          0x0000000008005570        0x0
 .v4_bx         0x0000000008005570        0x0 linker stubs

.iplt           0x0000000008005570        0x0
 .iplt          0x0000000008005570        0x0 /Applications/STM32CubeIDE.app/Contents/Eclipse/plugins/com.st.stm32cube.ide.mcu.externaltools.gnu-tools-for-stm32.11.3.rel1.macos64_1.1.0.202305231506/tools/bin/../lib/gcc/arm-none-eabi/11.3.1/thumb/v7e-m+fp/hard/crtbegin.o

.rodata         0x0000000008005570     0x1218
                0x0000000008005570                . = ALIGN (0x4)
 *(.rodata)
 .rodata        0x0000000008005570        0x3 ./Core/Src/main.o
 *(.rodata*)
 *fill*         0x0000000008005573        0x1 
 .rodata.ASCII16x24_Table
                0x0000000008005574     0x11d0 ./Core/Src/fonts.o
                0x0000000008005574                ASCII16x24_Table
 .rodata.AHBPrescTable
                0x0000000008006744       0x10 ./Core/Src/system_stm32f4xx.o
                0x0000000008006744                AHBPrescTable
 .rodata._svfprintf_r.str1.1
                0x0000000008006754       0x11 /Applications/STM32CubeIDE.app/Contents/Eclipse/plugins/com.st.stm32cube.ide.mcu.externaltools.gnu-tools-for-stm32.11.3.rel1.macos64_1.1.0.202305231506/tools/bin/../lib/gcc/arm-none-eabi/11.3.1/../../../../arm-none-eabi/lib/thumb/v7e-m+fp/hard/libc_nano.a(libc_a-nano-svfprintf.o)
 .rodata._printf_i.str1.1
                0x0000000008006765       0x22 /Applications/STM32CubeIDE.app/Contents/Eclipse/plugins/com.st.stm32cube.ide.mcu.externaltools.gnu-tools-for-stm32.11.3.rel1.macos64_1.1.0.202305231506/tools/bin/../lib/gcc/arm-none-eabi/11.3.1/../../../../arm-none-eabi/lib/thumb/v7e-m+fp/hard/libc_nano.a(libc_a-nano-vfprintf_i.o)
                0x0000000008006788                . = ALIGN (0x4)
 *fill*         0x0000000008006787        0x1 

.ARM.extab      0x0000000008006788        0x0
                0x0000000008006788                . = ALIGN (0x4)
 *(.ARM.extab* .gnu.linkonce.armextab.*)
                0x0000000008006788                . = ALIGN (0x4)

.ARM            0x0000000008006788        0x8
                0x0000000008006788                . = ALIGN (0x4)
                0x0000000008006788                __exidx_start = .
 *(.ARM.exidx*)
 .ARM.exidx     0x0000000008006788        0x8 /Applications/STM32CubeIDE.app/Contents/Eclipse/plugins/com.st.stm32cube.ide.mcu.externaltools.gnu-tools-for-stm32.11.3.rel1.macos64_1.1.0.202305231506/tools/bin/../lib/gcc/arm-none-eabi/11.3.1/thumb/v7e-m+fp/hard/libgcc.a(_udivmoddi4.o)
                0x0000000008006790                __exidx_end = .
                0x0000000008006790                . = ALIGN (0x4)

.rel.dyn        0x0000000008006790        0x0
 .rel.iplt      0x0000000008006790        0x0 /Applications/STM32CubeIDE.app/Contents/Eclipse/plugins/com.st.stm32cube.ide.mcu.externaltools.gnu-tools-for-stm32.11.3.rel1.macos64_1.1.0.202305231506/tools/bin/../lib/gcc/arm-none-eabi/11.3.1/thumb/v7e-m+fp/hard/crtbegin.o

.preinit_array  0x0000000008006790        0x0
                0x0000000008006790                . = ALIGN (0x4)
                0x0000000008006790                PROVIDE (__preinit_array_start = .)
 *(.preinit_array*)
                0x0000000008006790                PROVIDE (__preinit_array_end = .)
                0x0000000008006790                . = ALIGN (0x4)

.init_array     0x0000000008006790        0x4
                0x0000000008006790                . = ALIGN (0x4)
                0x0000000008006790                PROVIDE (__init_array_start = .)
 *(SORT_BY_NAME(.init_array.*))
 *(.init_array*)
 .init_array    0x0000000008006790        0x4 /Applications/STM32CubeIDE.app/Contents/Eclipse/plugins/com.st.stm32cube.ide.mcu.externaltools.gnu-tools-for-stm32.11.3.rel1.macos64_1.1.0.202305231506/tools/bin/../lib/gcc/arm-none-eabi/11.3.1/thumb/v7e-m+fp/hard/crtbegin.o
                0x0000000008006794                PROVIDE (__init_array_end = .)
                0x0000000008006794                . = ALIGN (0x4)

.fini_array     0x0000000008006794        0x4
                0x0000000008006794                . = ALIGN (0x4)
                [!provide]                        PROVIDE (__fini_array_start = .)
 *(SORT_BY_NAME(.fini_array.*))
 *(.fini_array*)
 .fini_array    0x0000000008006794        0x4 /Applications/STM32CubeIDE.app/Contents/Eclipse/plugins/com.st.stm32cube.ide.mcu.externaltools.gnu-tools-for-stm32.11.3.rel1.macos64_1.1.0.202305231506/tools/bin/../lib/gcc/arm-none-eabi/11.3.1/thumb/v7e-m+fp/hard/crtbegin.o
                [!provide]                        PROVIDE (__fini_array_end = .)
                0x0000000008006798                . = ALIGN (0x4)
                0x0000000008006798                _sidata = LOADADDR (.data)

.data           0x0000000020000000       0x70 load address 0x0000000008006798
                0x0000000020000000                . = ALIGN (0x4)
                0x0000000020000000                _sdata = .
 *(.data)
 *(.data*)
 .data.CurrentTextColor
                0x0000000020000000        0x2 ./Core/Src/LCD_Driver.o
 *fill*         0x0000000020000002        0x2 
 .data.SpiTimeout
                0x0000000020000004        0x4 ./Core/Src/LCD_Driver.o
                0x0000000020000004                SpiTimeout
 .data.Font16x24
                0x0000000020000008        0x8 ./Core/Src/fonts.o
                0x0000000020000008                Font16x24
 .data.oldValue
                0x0000000020000010        0x4 ./Core/Src/main.o
                0x0000000020000010                oldValue
 .data.SystemCoreClock
                0x0000000020000014        0x4 ./Core/Src/system_stm32f4xx.o
                0x0000000020000014                SystemCoreClock
 .data.uwTickPrio
                0x0000000020000018        0x4 ./Drivers/STM32F4xx_HAL_Driver/Src/stm32f4xx_hal.o
                0x0000000020000018                uwTickPrio
 .data.uwTickFreq
                0x000000002000001c        0x1 ./Drivers/STM32F4xx_HAL_Driver/Src/stm32f4xx_hal.o
                0x000000002000001c                uwTickFreq
 *fill*         0x000000002000001d        0x3 
 .data._impure_data
                0x0000000020000020       0x4c /Applications/STM32CubeIDE.app/Contents/Eclipse/plugins/com.st.stm32cube.ide.mcu.externaltools.gnu-tools-for-stm32.11.3.rel1.macos64_1.1.0.202305231506/tools/bin/../lib/gcc/arm-none-eabi/11.3.1/../../../../arm-none-eabi/lib/thumb/v7e-m+fp/hard/libc_nano.a(libc_a-impure.o)
                0x0000000020000020                _impure_data
 .data._impure_ptr
                0x000000002000006c        0x4 /Applications/STM32CubeIDE.app/Contents/Eclipse/plugins/com.st.stm32cube.ide.mcu.externaltools.gnu-tools-for-stm32.11.3.rel1.macos64_1.1.0.202305231506/tools/bin/../lib/gcc/arm-none-eabi/11.3.1/../../../../arm-none-eabi/lib/thumb/v7e-m+fp/hard/libc_nano.a(libc_a-impure.o)
                0x000000002000006c                _impure_ptr
 *(.RamFunc)
 *(.RamFunc*)
                0x0000000020000070                . = ALIGN (0x4)
                0x0000000020000070                _edata = .
                0x0000000008006808                _siccmram = LOADADDR (.ccmram)

.igot.plt       0x0000000020000070        0x0 load address 0x0000000008006808
 .igot.plt      0x0000000020000070        0x0 /Applications/STM32CubeIDE.app/Contents/Eclipse/plugins/com.st.stm32cube.ide.mcu.externaltools.gnu-tools-for-stm32.11.3.rel1.macos64_1.1.0.202305231506/tools/bin/../lib/gcc/arm-none-eabi/11.3.1/thumb/v7e-m+fp/hard/crtbegin.o

.ccmram         0x0000000010000000        0x0 load address 0x0000000008006808
                0x0000000010000000                . = ALIGN (0x4)
                0x0000000010000000                _sccmram = .
 *(.ccmram)
 *(.ccmram*)
                0x0000000010000000                . = ALIGN (0x4)
                0x0000000010000000                _eccmram = .
                0x0000000010000000                . = ALIGN (0x4)

.bss            0x0000000020000070    0x25b38
                0x0000000020000070                _sbss = .
                0x0000000020000070                __bss_start__ = _sbss
 *(.bss)
 .bss           0x0000000020000070       0x1c /Applications/STM32CubeIDE.app/Contents/Eclipse/plugins/com.st.stm32cube.ide.mcu.externaltools.gnu-tools-for-stm32.11.3.rel1.macos64_1.1.0.202305231506/tools/bin/../lib/gcc/arm-none-eabi/11.3.1/thumb/v7e-m+fp/hard/crtbegin.o
 *(.bss*)
 .bss.gyro      0x000000002000008c       0x14 ./Core/Src/Gyro.o
 .bss.SPI       0x00000000200000a0       0x58 ./Core/Src/Gyro.o
 .bss.halstatus
                0x00000000200000f8        0x1 ./Core/Src/Gyro.o
 *fill*         0x00000000200000f9        0x3 
 .bss.xGPosition
                0x00000000200000fc        0x4 ./Core/Src/Gyro.o
                0x00000000200000fc                xGPosition
 .bss.hltdc     0x0000000020000100       0xa8 ./Core/Src/LCD_Driver.o
 .bss.PeriphClkInitStruct
                0x00000000200001a8       0x30 ./Core/Src/LCD_Driver.o
 .bss.LCD_Currentfonts
                0x00000000200001d8        0x4 ./Core/Src/LCD_Driver.o
 .bss.SpiHandle
                0x00000000200001dc       0x58 ./Core/Src/LCD_Driver.o
 .bss.frameBuffer
                0x0000000020000234    0x25800 ./Core/Src/LCD_Driver.o
                0x0000000020000234                frameBuffer
 .bss.Is_LCD_IO_Initialized
                0x0000000020025a34        0x1 ./Core/Src/LCD_Driver.o
 *fill*         0x0000000020025a35        0x3 
 .bss.config_RNG
                0x0000000020025a38       0x10 ./Core/Src/RNG.o
 .bss.status    0x0000000020025a48        0x1 ./Core/Src/RNG.o
                0x0000000020025a48                status
 *fill*         0x0000000020025a49        0x3 
 .bss.RNG_1     0x0000000020025a4c        0x4 ./Core/Src/RNG.o
                0x0000000020025a4c                RNG_1
 .bss.RNG_2     0x0000000020025a50        0x4 ./Core/Src/RNG.o
                0x0000000020025a50                RNG_2
 .bss.scheduledEvents
                0x0000000020025a54        0x4 ./Core/Src/Scheduler.o
 .bss.__sbrk_heap_end
                0x0000000020025a58        0x4 ./Core/Src/sysmem.o
 .bss.uwTick    0x0000000020025a5c        0x4 ./Drivers/STM32F4xx_HAL_Driver/Src/stm32f4xx_hal.o
                0x0000000020025a5c                uwTick
 .bss.__sf      0x0000000020025a60      0x138 /Applications/STM32CubeIDE.app/Contents/Eclipse/plugins/com.st.stm32cube.ide.mcu.externaltools.gnu-tools-for-stm32.11.3.rel1.macos64_1.1.0.202305231506/tools/bin/../lib/gcc/arm-none-eabi/11.3.1/../../../../arm-none-eabi/lib/thumb/v7e-m+fp/hard/libc_nano.a(libc_a-findfp.o)
                0x0000000020025a60                __sf
 .bss.__lock___malloc_recursive_mutex
                0x0000000020025b98        0x1 /Applications/STM32CubeIDE.app/Contents/Eclipse/plugins/com.st.stm32cube.ide.mcu.externaltools.gnu-tools-for-stm32.11.3.rel1.macos64_1.1.0.202305231506/tools/bin/../lib/gcc/arm-none-eabi/11.3.1/../../../../arm-none-eabi/lib/thumb/v7e-m+fp/hard/libc_nano.a(libc_a-lock.o)
                0x0000000020025b98                __lock___malloc_recursive_mutex
 *fill*         0x0000000020025b99        0x3 
 .bss.__malloc_free_list
                0x0000000020025b9c        0x4 /Applications/STM32CubeIDE.app/Contents/Eclipse/plugins/com.st.stm32cube.ide.mcu.externaltools.gnu-tools-for-stm32.11.3.rel1.macos64_1.1.0.202305231506/tools/bin/../lib/gcc/arm-none-eabi/11.3.1/../../../../arm-none-eabi/lib/thumb/v7e-m+fp/hard/libc_nano.a(libc_a-mallocr.o)
                0x0000000020025b9c                __malloc_free_list
 .bss.__malloc_sbrk_start
                0x0000000020025ba0        0x4 /Applications/STM32CubeIDE.app/Contents/Eclipse/plugins/com.st.stm32cube.ide.mcu.externaltools.gnu-tools-for-stm32.11.3.rel1.macos64_1.1.0.202305231506/tools/bin/../lib/gcc/arm-none-eabi/11.3.1/../../../../arm-none-eabi/lib/thumb/v7e-m+fp/hard/libc_nano.a(libc_a-mallocr.o)
                0x0000000020025ba0                __malloc_sbrk_start
 .bss.errno     0x0000000020025ba4        0x4 /Applications/STM32CubeIDE.app/Contents/Eclipse/plugins/com.st.stm32cube.ide.mcu.externaltools.gnu-tools-for-stm32.11.3.rel1.macos64_1.1.0.202305231506/tools/bin/../lib/gcc/arm-none-eabi/11.3.1/../../../../arm-none-eabi/lib/thumb/v7e-m+fp/hard/libc_nano.a(libc_a-reent.o)
                0x0000000020025ba4                errno
 *(COMMON)
                0x0000000020025ba8                . = ALIGN (0x4)
                0x0000000020025ba8                _ebss = .
                0x0000000020025ba8                __bss_end__ = _ebss

._user_heap_stack
                0x0000000020025ba8      0x600
                0x0000000020025ba8                . = ALIGN (0x8)
                [!provide]                        PROVIDE (end = .)
                0x0000000020025ba8                PROVIDE (_end = .)
                0x0000000020025da8                . = (. + _Min_Heap_Size)
 *fill*         0x0000000020025ba8      0x200 
                0x00000000200261a8                . = (. + _Min_Stack_Size)
 *fill*         0x0000000020025da8      0x400 
                0x00000000200261a8                . = ALIGN (0x8)

/DISCARD/
 libc.a(*)
 libm.a(*)
 libgcc.a(*)

.ARM.attributes
                0x0000000000000000       0x30
 *(.ARM.attributes)
 .ARM.attributes
                0x0000000000000000       0x1e /Applications/STM32CubeIDE.app/Contents/Eclipse/plugins/com.st.stm32cube.ide.mcu.externaltools.gnu-tools-for-stm32.11.3.rel1.macos64_1.1.0.202305231506/tools/bin/../lib/gcc/arm-none-eabi/11.3.1/thumb/v7e-m+fp/hard/crti.o
 .ARM.attributes
                0x000000000000001e       0x34 /Applications/STM32CubeIDE.app/Contents/Eclipse/plugins/com.st.stm32cube.ide.mcu.externaltools.gnu-tools-for-stm32.11.3.rel1.macos64_1.1.0.202305231506/tools/bin/../lib/gcc/arm-none-eabi/11.3.1/thumb/v7e-m+fp/hard/crtbegin.o
 .ARM.attributes
                0x0000000000000052       0x34 ./Core/Src/ApplicationCode.o
 .ARM.attributes
                0x0000000000000086       0x34 ./Core/Src/Button_Driver.o
 .ARM.attributes
                0x00000000000000ba       0x34 ./Core/Src/ErrorHandling.o
 .ARM.attributes
                0x00000000000000ee       0x34 ./Core/Src/Gyro.o
 .ARM.attributes
                0x0000000000000122       0x34 ./Core/Src/InterruptControl.o
 .ARM.attributes
                0x0000000000000156       0x34 ./Core/Src/LCD_Driver.o
 .ARM.attributes
                0x000000000000018a       0x34 ./Core/Src/RNG.o
 .ARM.attributes
                0x00000000000001be       0x34 ./Core/Src/Scheduler.o
 .ARM.attributes
                0x00000000000001f2       0x34 ./Core/Src/fonts.o
 .ARM.attributes
                0x0000000000000226       0x34 ./Core/Src/main.o
 .ARM.attributes
                0x000000000000025a       0x34 ./Core/Src/stm32f4xx_hal_msp.o
 .ARM.attributes
                0x000000000000028e       0x34 ./Core/Src/stm32f4xx_it.o
 .ARM.attributes
                0x00000000000002c2       0x34 ./Core/Src/sysmem.o
 .ARM.attributes
                0x00000000000002f6       0x34 ./Core/Src/system_stm32f4xx.o
 .ARM.attributes
                0x000000000000032a       0x21 ./Core/Startup/startup_stm32f429zitx.o
 .ARM.attributes
                0x000000000000034b       0x34 ./Drivers/STM32F4xx_HAL_Driver/Src/stm32f4xx_hal.o
 .ARM.attributes
                0x000000000000037f       0x34 ./Drivers/STM32F4xx_HAL_Driver/Src/stm32f4xx_hal_cortex.o
 .ARM.attributes
                0x00000000000003b3       0x34 ./Drivers/STM32F4xx_HAL_Driver/Src/stm32f4xx_hal_gpio.o
 .ARM.attributes
                0x00000000000003e7       0x34 ./Drivers/STM32F4xx_HAL_Driver/Src/stm32f4xx_hal_ltdc.o
 .ARM.attributes
                0x000000000000041b       0x34 ./Drivers/STM32F4xx_HAL_Driver/Src/stm32f4xx_hal_rcc.o
 .ARM.attributes
                0x000000000000044f       0x34 ./Drivers/STM32F4xx_HAL_Driver/Src/stm32f4xx_hal_rcc_ex.o
 .ARM.attributes
                0x0000000000000483       0x34 ./Drivers/STM32F4xx_HAL_Driver/Src/stm32f4xx_hal_rng.o
 .ARM.attributes
                0x00000000000004b7       0x34 ./Drivers/STM32F4xx_HAL_Driver/Src/stm32f4xx_hal_spi.o
 .ARM.attributes
                0x00000000000004eb       0x34 /Applications/STM32CubeIDE.app/Contents/Eclipse/plugins/com.st.stm32cube.ide.mcu.externaltools.gnu-tools-for-stm32.11.3.rel1.macos64_1.1.0.202305231506/tools/bin/../lib/gcc/arm-none-eabi/11.3.1/../../../../arm-none-eabi/lib/thumb/v7e-m+fp/hard/libc_nano.a(libc_a-sprintf.o)
 .ARM.attributes
                0x000000000000051f       0x34 /Applications/STM32CubeIDE.app/Contents/Eclipse/plugins/com.st.stm32cube.ide.mcu.externaltools.gnu-tools-for-stm32.11.3.rel1.macos64_1.1.0.202305231506/tools/bin/../lib/gcc/arm-none-eabi/11.3.1/../../../../arm-none-eabi/lib/thumb/v7e-m+fp/hard/libc_nano.a(libc_a-findfp.o)
 .ARM.attributes
                0x0000000000000553       0x34 /Applications/STM32CubeIDE.app/Contents/Eclipse/plugins/com.st.stm32cube.ide.mcu.externaltools.gnu-tools-for-stm32.11.3.rel1.macos64_1.1.0.202305231506/tools/bin/../lib/gcc/arm-none-eabi/11.3.1/../../../../arm-none-eabi/lib/thumb/v7e-m+fp/hard/libc_nano.a(libc_a-memset.o)
 .ARM.attributes
                0x0000000000000587       0x34 /Applications/STM32CubeIDE.app/Contents/Eclipse/plugins/com.st.stm32cube.ide.mcu.externaltools.gnu-tools-for-stm32.11.3.rel1.macos64_1.1.0.202305231506/tools/bin/../lib/gcc/arm-none-eabi/11.3.1/../../../../arm-none-eabi/lib/thumb/v7e-m+fp/hard/libc_nano.a(libc_a-impure.o)
 .ARM.attributes
                0x00000000000005bb       0x34 /Applications/STM32CubeIDE.app/Contents/Eclipse/plugins/com.st.stm32cube.ide.mcu.externaltools.gnu-tools-for-stm32.11.3.rel1.macos64_1.1.0.202305231506/tools/bin/../lib/gcc/arm-none-eabi/11.3.1/../../../../arm-none-eabi/lib/thumb/v7e-m+fp/hard/libc_nano.a(libc_a-errno.o)
 .ARM.attributes
                0x00000000000005ef       0x34 /Applications/STM32CubeIDE.app/Contents/Eclipse/plugins/com.st.stm32cube.ide.mcu.externaltools.gnu-tools-for-stm32.11.3.rel1.macos64_1.1.0.202305231506/tools/bin/../lib/gcc/arm-none-eabi/11.3.1/../../../../arm-none-eabi/lib/thumb/v7e-m+fp/hard/libc_nano.a(libc_a-init.o)
 .ARM.attributes
                0x0000000000000623       0x34 /Applications/STM32CubeIDE.app/Contents/Eclipse/plugins/com.st.stm32cube.ide.mcu.externaltools.gnu-tools-for-stm32.11.3.rel1.macos64_1.1.0.202305231506/tools/bin/../lib/gcc/arm-none-eabi/11.3.1/../../../../arm-none-eabi/lib/thumb/v7e-m+fp/hard/libc_nano.a(libc_a-lock.o)
 .ARM.attributes
                0x0000000000000657       0x34 /Applications/STM32CubeIDE.app/Contents/Eclipse/plugins/com.st.stm32cube.ide.mcu.externaltools.gnu-tools-for-stm32.11.3.rel1.macos64_1.1.0.202305231506/tools/bin/../lib/gcc/arm-none-eabi/11.3.1/../../../../arm-none-eabi/lib/thumb/v7e-m+fp/hard/libc_nano.a(libc_a-nano-svfprintf.o)
 .ARM.attributes
                0x000000000000068b       0x34 /Applications/STM32CubeIDE.app/Contents/Eclipse/plugins/com.st.stm32cube.ide.mcu.externaltools.gnu-tools-for-stm32.11.3.rel1.macos64_1.1.0.202305231506/tools/bin/../lib/gcc/arm-none-eabi/11.3.1/../../../../arm-none-eabi/lib/thumb/v7e-m+fp/hard/libc_nano.a(libc_a-mallocr.o)
 .ARM.attributes
                0x00000000000006bf       0x34 /Applications/STM32CubeIDE.app/Contents/Eclipse/plugins/com.st.stm32cube.ide.mcu.externaltools.gnu-tools-for-stm32.11.3.rel1.macos64_1.1.0.202305231506/tools/bin/../lib/gcc/arm-none-eabi/11.3.1/../../../../arm-none-eabi/lib/thumb/v7e-m+fp/hard/libc_nano.a(libc_a-nano-vfprintf_i.o)
 .ARM.attributes
                0x00000000000006f3       0x34 /Applications/STM32CubeIDE.app/Contents/Eclipse/plugins/com.st.stm32cube.ide.mcu.externaltools.gnu-tools-for-stm32.11.3.rel1.macos64_1.1.0.202305231506/tools/bin/../lib/gcc/arm-none-eabi/11.3.1/../../../../arm-none-eabi/lib/thumb/v7e-m+fp/hard/libc_nano.a(libc_a-mlock.o)
 .ARM.attributes
                0x0000000000000727       0x34 /Applications/STM32CubeIDE.app/Contents/Eclipse/plugins/com.st.stm32cube.ide.mcu.externaltools.gnu-tools-for-stm32.11.3.rel1.macos64_1.1.0.202305231506/tools/bin/../lib/gcc/arm-none-eabi/11.3.1/../../../../arm-none-eabi/lib/thumb/v7e-m+fp/hard/libc_nano.a(libc_a-reallocr.o)
 .ARM.attributes
                0x000000000000075b       0x34 /Applications/STM32CubeIDE.app/Contents/Eclipse/plugins/com.st.stm32cube.ide.mcu.externaltools.gnu-tools-for-stm32.11.3.rel1.macos64_1.1.0.202305231506/tools/bin/../lib/gcc/arm-none-eabi/11.3.1/../../../../arm-none-eabi/lib/thumb/v7e-m+fp/hard/libc_nano.a(libc_a-memmove.o)
 .ARM.attributes
                0x000000000000078f       0x34 /Applications/STM32CubeIDE.app/Contents/Eclipse/plugins/com.st.stm32cube.ide.mcu.externaltools.gnu-tools-for-stm32.11.3.rel1.macos64_1.1.0.202305231506/tools/bin/../lib/gcc/arm-none-eabi/11.3.1/../../../../arm-none-eabi/lib/thumb/v7e-m+fp/hard/libc_nano.a(libc_a-reent.o)
 .ARM.attributes
                0x00000000000007c3       0x34 /Applications/STM32CubeIDE.app/Contents/Eclipse/plugins/com.st.stm32cube.ide.mcu.externaltools.gnu-tools-for-stm32.11.3.rel1.macos64_1.1.0.202305231506/tools/bin/../lib/gcc/arm-none-eabi/11.3.1/../../../../arm-none-eabi/lib/thumb/v7e-m+fp/hard/libc_nano.a(libc_a-sbrkr.o)
 .ARM.attributes
                0x00000000000007f7       0x1c /Applications/STM32CubeIDE.app/Contents/Eclipse/plugins/com.st.stm32cube.ide.mcu.externaltools.gnu-tools-for-stm32.11.3.rel1.macos64_1.1.0.202305231506/tools/bin/../lib/gcc/arm-none-eabi/11.3.1/../../../../arm-none-eabi/lib/thumb/v7e-m+fp/hard/libc_nano.a(libc_a-memchr.o)
 .ARM.attributes
                0x0000000000000813       0x34 /Applications/STM32CubeIDE.app/Contents/Eclipse/plugins/com.st.stm32cube.ide.mcu.externaltools.gnu-tools-for-stm32.11.3.rel1.macos64_1.1.0.202305231506/tools/bin/../lib/gcc/arm-none-eabi/11.3.1/../../../../arm-none-eabi/lib/thumb/v7e-m+fp/hard/libc_nano.a(libc_a-memcpy-stub.o)
 .ARM.attributes
                0x0000000000000847       0x34 /Applications/STM32CubeIDE.app/Contents/Eclipse/plugins/com.st.stm32cube.ide.mcu.externaltools.gnu-tools-for-stm32.11.3.rel1.macos64_1.1.0.202305231506/tools/bin/../lib/gcc/arm-none-eabi/11.3.1/../../../../arm-none-eabi/lib/thumb/v7e-m+fp/hard/libc_nano.a(libc_a-freer.o)
 .ARM.attributes
                0x000000000000087b       0x34 /Applications/STM32CubeIDE.app/Contents/Eclipse/plugins/com.st.stm32cube.ide.mcu.externaltools.gnu-tools-for-stm32.11.3.rel1.macos64_1.1.0.202305231506/tools/bin/../lib/gcc/arm-none-eabi/11.3.1/../../../../arm-none-eabi/lib/thumb/v7e-m+fp/hard/libc_nano.a(libc_a-msizer.o)
 .ARM.attributes
                0x00000000000008af       0x1e /Applications/STM32CubeIDE.app/Contents/Eclipse/plugins/com.st.stm32cube.ide.mcu.externaltools.gnu-tools-for-stm32.11.3.rel1.macos64_1.1.0.202305231506/tools/bin/../lib/gcc/arm-none-eabi/11.3.1/thumb/v7e-m+fp/hard/libgcc.a(_arm_muldf3.o)
 .ARM.attributes
                0x00000000000008cd       0x1e /Applications/STM32CubeIDE.app/Contents/Eclipse/plugins/com.st.stm32cube.ide.mcu.externaltools.gnu-tools-for-stm32.11.3.rel1.macos64_1.1.0.202305231506/tools/bin/../lib/gcc/arm-none-eabi/11.3.1/thumb/v7e-m+fp/hard/libgcc.a(_arm_addsubdf3.o)
 .ARM.attributes
                0x00000000000008eb       0x1e /Applications/STM32CubeIDE.app/Contents/Eclipse/plugins/com.st.stm32cube.ide.mcu.externaltools.gnu-tools-for-stm32.11.3.rel1.macos64_1.1.0.202305231506/tools/bin/../lib/gcc/arm-none-eabi/11.3.1/thumb/v7e-m+fp/hard/libgcc.a(_arm_truncdfsf2.o)
 .ARM.attributes
                0x0000000000000909       0x1e /Applications/STM32CubeIDE.app/Contents/Eclipse/plugins/com.st.stm32cube.ide.mcu.externaltools.gnu-tools-for-stm32.11.3.rel1.macos64_1.1.0.202305231506/tools/bin/../lib/gcc/arm-none-eabi/11.3.1/thumb/v7e-m+fp/hard/libgcc.a(_aeabi_uldivmod.o)
 .ARM.attributes
                0x0000000000000927       0x34 /Applications/STM32CubeIDE.app/Contents/Eclipse/plugins/com.st.stm32cube.ide.mcu.externaltools.gnu-tools-for-stm32.11.3.rel1.macos64_1.1.0.202305231506/tools/bin/../lib/gcc/arm-none-eabi/11.3.1/thumb/v7e-m+fp/hard/libgcc.a(_udivmoddi4.o)
 .ARM.attributes
                0x000000000000095b       0x1e /Applications/STM32CubeIDE.app/Contents/Eclipse/plugins/com.st.stm32cube.ide.mcu.externaltools.gnu-tools-for-stm32.11.3.rel1.macos64_1.1.0.202305231506/tools/bin/../lib/gcc/arm-none-eabi/11.3.1/thumb/v7e-m+fp/hard/libgcc.a(_dvmd_tls.o)
 .ARM.attributes
                0x0000000000000979       0x1e /Applications/STM32CubeIDE.app/Contents/Eclipse/plugins/com.st.stm32cube.ide.mcu.externaltools.gnu-tools-for-stm32.11.3.rel1.macos64_1.1.0.202305231506/tools/bin/../lib/gcc/arm-none-eabi/11.3.1/thumb/v7e-m+fp/hard/crtn.o
OUTPUT(AVanLab6.elf elf32-littlearm)
LOAD linker stubs
LOAD /Applications/STM32CubeIDE.app/Contents/Eclipse/plugins/com.st.stm32cube.ide.mcu.externaltools.gnu-tools-for-stm32.11.3.rel1.macos64_1.1.0.202305231506/tools/bin/../lib/gcc/arm-none-eabi/11.3.1/../../../../arm-none-eabi/lib/thumb/v7e-m+fp/hard/libc.a
LOAD /Applications/STM32CubeIDE.app/Contents/Eclipse/plugins/com.st.stm32cube.ide.mcu.externaltools.gnu-tools-for-stm32.11.3.rel1.macos64_1.1.0.202305231506/tools/bin/../lib/gcc/arm-none-eabi/11.3.1/../../../../arm-none-eabi/lib/thumb/v7e-m+fp/hard/libm.a
LOAD /Applications/STM32CubeIDE.app/Contents/Eclipse/plugins/com.st.stm32cube.ide.mcu.externaltools.gnu-tools-for-stm32.11.3.rel1.macos64_1.1.0.202305231506/tools/bin/../lib/gcc/arm-none-eabi/11.3.1/thumb/v7e-m+fp/hard/libgcc.a

.comment        0x0000000000000000       0x43
 .comment       0x0000000000000000       0x43 /Applications/STM32CubeIDE.app/Contents/Eclipse/plugins/com.st.stm32cube.ide.mcu.externaltools.gnu-tools-for-stm32.11.3.rel1.macos64_1.1.0.202305231506/tools/bin/../lib/gcc/arm-none-eabi/11.3.1/thumb/v7e-m+fp/hard/crtbegin.o
                                         0x44 (size before relaxing)
 .comment       0x0000000000000043       0x44 ./Core/Src/ApplicationCode.o
 .comment       0x0000000000000043       0x44 ./Core/Src/Button_Driver.o
 .comment       0x0000000000000043       0x44 ./Core/Src/ErrorHandling.o
 .comment       0x0000000000000043       0x44 ./Core/Src/Gyro.o
 .comment       0x0000000000000043       0x44 ./Core/Src/InterruptControl.o
 .comment       0x0000000000000043       0x44 ./Core/Src/LCD_Driver.o
 .comment       0x0000000000000043       0x44 ./Core/Src/RNG.o
 .comment       0x0000000000000043       0x44 ./Core/Src/Scheduler.o
 .comment       0x0000000000000043       0x44 ./Core/Src/fonts.o
 .comment       0x0000000000000043       0x44 ./Core/Src/main.o
 .comment       0x0000000000000043       0x44 ./Core/Src/stm32f4xx_hal_msp.o
 .comment       0x0000000000000043       0x44 ./Core/Src/stm32f4xx_it.o
 .comment       0x0000000000000043       0x44 ./Core/Src/sysmem.o
 .comment       0x0000000000000043       0x44 ./Core/Src/system_stm32f4xx.o
 .comment       0x0000000000000043       0x44 ./Drivers/STM32F4xx_HAL_Driver/Src/stm32f4xx_hal.o
 .comment       0x0000000000000043       0x44 ./Drivers/STM32F4xx_HAL_Driver/Src/stm32f4xx_hal_cortex.o
 .comment       0x0000000000000043       0x44 ./Drivers/STM32F4xx_HAL_Driver/Src/stm32f4xx_hal_gpio.o
 .comment       0x0000000000000043       0x44 ./Drivers/STM32F4xx_HAL_Driver/Src/stm32f4xx_hal_ltdc.o
 .comment       0x0000000000000043       0x44 ./Drivers/STM32F4xx_HAL_Driver/Src/stm32f4xx_hal_rcc.o
 .comment       0x0000000000000043       0x44 ./Drivers/STM32F4xx_HAL_Driver/Src/stm32f4xx_hal_rcc_ex.o
 .comment       0x0000000000000043       0x44 ./Drivers/STM32F4xx_HAL_Driver/Src/stm32f4xx_hal_rng.o
 .comment       0x0000000000000043       0x44 ./Drivers/STM32F4xx_HAL_Driver/Src/stm32f4xx_hal_spi.o

.debug_info     0x0000000000000000     0xb31b
 .debug_info    0x0000000000000000      0x6a9 ./Core/Src/ApplicationCode.o
 .debug_info    0x00000000000006a9      0x69d ./Core/Src/Button_Driver.o
 .debug_info    0x0000000000000d46       0x56 ./Core/Src/ErrorHandling.o
 .debug_info    0x0000000000000d9c      0xc10 ./Core/Src/Gyro.o
 .debug_info    0x00000000000019ac      0x466 ./Core/Src/InterruptControl.o
 .debug_info    0x0000000000001e12     0x16c4 ./Core/Src/LCD_Driver.o
 .debug_info    0x00000000000034d6      0x411 ./Core/Src/RNG.o
 .debug_info    0x00000000000038e7       0xfe ./Core/Src/Scheduler.o
 .debug_info    0x00000000000039e5      0x145 ./Core/Src/fonts.o
 .debug_info    0x0000000000003b2a      0x771 ./Core/Src/main.o
 .debug_info    0x000000000000429b     0x10ef ./Core/Src/stm32f4xx_hal_msp.o
 .debug_info    0x000000000000538a      0x112 ./Core/Src/stm32f4xx_it.o
 .debug_info    0x000000000000549c      0x168 ./Core/Src/sysmem.o
 .debug_info    0x0000000000005604      0x52e ./Core/Src/system_stm32f4xx.o
 .debug_info    0x0000000000005b32       0x23 ./Core/Startup/startup_stm32f429zitx.o
 .debug_info    0x0000000000005b55      0x9be ./Drivers/STM32F4xx_HAL_Driver/Src/stm32f4xx_hal.o
 .debug_info    0x0000000000006513      0xd7c ./Drivers/STM32F4xx_HAL_Driver/Src/stm32f4xx_hal_cortex.o
 .debug_info    0x000000000000728f      0x6db ./Drivers/STM32F4xx_HAL_Driver/Src/stm32f4xx_hal_gpio.o
 .debug_info    0x000000000000796a     0x1022 ./Drivers/STM32F4xx_HAL_Driver/Src/stm32f4xx_hal_ltdc.o
 .debug_info    0x000000000000898c      0x8c9 ./Drivers/STM32F4xx_HAL_Driver/Src/stm32f4xx_hal_rcc.o
 .debug_info    0x0000000000009255      0x651 ./Drivers/STM32F4xx_HAL_Driver/Src/stm32f4xx_hal_rcc_ex.o
 .debug_info    0x00000000000098a6      0x47a ./Drivers/STM32F4xx_HAL_Driver/Src/stm32f4xx_hal_rng.o
 .debug_info    0x0000000000009d20     0x15fb ./Drivers/STM32F4xx_HAL_Driver/Src/stm32f4xx_hal_spi.o

.debug_abbrev   0x0000000000000000     0x2669
 .debug_abbrev  0x0000000000000000      0x178 ./Core/Src/ApplicationCode.o
 .debug_abbrev  0x0000000000000178      0x1c6 ./Core/Src/Button_Driver.o
 .debug_abbrev  0x000000000000033e       0x4d ./Core/Src/ErrorHandling.o
 .debug_abbrev  0x000000000000038b      0x240 ./Core/Src/Gyro.o
 .debug_abbrev  0x00000000000005cb      0x12c ./Core/Src/InterruptControl.o
 .debug_abbrev  0x00000000000006f7      0x381 ./Core/Src/LCD_Driver.o
 .debug_abbrev  0x0000000000000a78      0x165 ./Core/Src/RNG.o
 .debug_abbrev  0x0000000000000bdd       0xab ./Core/Src/Scheduler.o
 .debug_abbrev  0x0000000000000c88       0xc6 ./Core/Src/fonts.o
 .debug_abbrev  0x0000000000000d4e      0x29c ./Core/Src/main.o
 .debug_abbrev  0x0000000000000fea      0x23d ./Core/Src/stm32f4xx_hal_msp.o
 .debug_abbrev  0x0000000000001227       0x73 ./Core/Src/stm32f4xx_it.o
 .debug_abbrev  0x000000000000129a       0xbc ./Core/Src/sysmem.o
 .debug_abbrev  0x0000000000001356      0x11a ./Core/Src/system_stm32f4xx.o
 .debug_abbrev  0x0000000000001470       0x12 ./Core/Startup/startup_stm32f429zitx.o
 .debug_abbrev  0x0000000000001482      0x213 ./Drivers/STM32F4xx_HAL_Driver/Src/stm32f4xx_hal.o
 .debug_abbrev  0x0000000000001695      0x327 ./Drivers/STM32F4xx_HAL_Driver/Src/stm32f4xx_hal_cortex.o
 .debug_abbrev  0x00000000000019bc      0x1d4 ./Drivers/STM32F4xx_HAL_Driver/Src/stm32f4xx_hal_gpio.o
 .debug_abbrev  0x0000000000001b90      0x233 ./Drivers/STM32F4xx_HAL_Driver/Src/stm32f4xx_hal_ltdc.o
 .debug_abbrev  0x0000000000001dc3      0x2b6 ./Drivers/STM32F4xx_HAL_Driver/Src/stm32f4xx_hal_rcc.o
 .debug_abbrev  0x0000000000002079      0x1af ./Drivers/STM32F4xx_HAL_Driver/Src/stm32f4xx_hal_rcc_ex.o
 .debug_abbrev  0x0000000000002228      0x1bd ./Drivers/STM32F4xx_HAL_Driver/Src/stm32f4xx_hal_rng.o
 .debug_abbrev  0x00000000000023e5      0x284 ./Drivers/STM32F4xx_HAL_Driver/Src/stm32f4xx_hal_spi.o

.debug_aranges  0x0000000000000000      0xbc8
 .debug_aranges
                0x0000000000000000       0xd0 ./Core/Src/ApplicationCode.o
 .debug_aranges
                0x00000000000000d0       0x38 ./Core/Src/Button_Driver.o
 .debug_aranges
                0x0000000000000108       0x20 ./Core/Src/ErrorHandling.o
 .debug_aranges
                0x0000000000000128       0x78 ./Core/Src/Gyro.o
 .debug_aranges
                0x00000000000001a0       0x40 ./Core/Src/InterruptControl.o
 .debug_aranges
                0x00000000000001e0      0x120 ./Core/Src/LCD_Driver.o
 .debug_aranges
                0x0000000000000300       0x28 ./Core/Src/RNG.o
 .debug_aranges
                0x0000000000000328       0x30 ./Core/Src/Scheduler.o
 .debug_aranges
                0x0000000000000358       0x18 ./Core/Src/fonts.o
 .debug_aranges
                0x0000000000000370       0x38 ./Core/Src/main.o
 .debug_aranges
                0x00000000000003a8       0x50 ./Core/Src/stm32f4xx_hal_msp.o
 .debug_aranges
                0x00000000000003f8       0x60 ./Core/Src/stm32f4xx_it.o
 .debug_aranges
                0x0000000000000458       0x20 ./Core/Src/sysmem.o
 .debug_aranges
                0x0000000000000478       0x28 ./Core/Src/system_stm32f4xx.o
 .debug_aranges
                0x00000000000004a0       0x28 ./Core/Startup/startup_stm32f429zitx.o
 .debug_aranges
                0x00000000000004c8      0x100 ./Drivers/STM32F4xx_HAL_Driver/Src/stm32f4xx_hal.o
 .debug_aranges
                0x00000000000005c8      0x118 ./Drivers/STM32F4xx_HAL_Driver/Src/stm32f4xx_hal_cortex.o
 .debug_aranges
                0x00000000000006e0       0x58 ./Drivers/STM32F4xx_HAL_Driver/Src/stm32f4xx_hal_gpio.o
 .debug_aranges
                0x0000000000000738      0x158 ./Drivers/STM32F4xx_HAL_Driver/Src/stm32f4xx_hal_ltdc.o
 .debug_aranges
                0x0000000000000890       0x88 ./Drivers/STM32F4xx_HAL_Driver/Src/stm32f4xx_hal_rcc.o
 .debug_aranges
                0x0000000000000918       0x58 ./Drivers/STM32F4xx_HAL_Driver/Src/stm32f4xx_hal_rcc_ex.o
 .debug_aranges
                0x0000000000000970       0x88 ./Drivers/STM32F4xx_HAL_Driver/Src/stm32f4xx_hal_rng.o
 .debug_aranges
                0x00000000000009f8      0x1d0 ./Drivers/STM32F4xx_HAL_Driver/Src/stm32f4xx_hal_spi.o

.debug_rnglists
                0x0000000000000000      0x8a0
 .debug_rnglists
                0x0000000000000000       0x98 ./Core/Src/ApplicationCode.o
 .debug_rnglists
                0x0000000000000098       0x25 ./Core/Src/Button_Driver.o
 .debug_rnglists
                0x00000000000000bd       0x13 ./Core/Src/ErrorHandling.o
 .debug_rnglists
                0x00000000000000d0       0x59 ./Core/Src/Gyro.o
 .debug_rnglists
                0x0000000000000129       0x2b ./Core/Src/InterruptControl.o
 .debug_rnglists
                0x0000000000000154       0xdc ./Core/Src/LCD_Driver.o
 .debug_rnglists
                0x0000000000000230       0x19 ./Core/Src/RNG.o
 .debug_rnglists
                0x0000000000000249       0x1f ./Core/Src/Scheduler.o
 .debug_rnglists
                0x0000000000000268       0x28 ./Core/Src/main.o
 .debug_rnglists
                0x0000000000000290       0x3a ./Core/Src/stm32f4xx_hal_msp.o
 .debug_rnglists
                0x00000000000002ca       0x43 ./Core/Src/stm32f4xx_it.o
 .debug_rnglists
                0x000000000000030d       0x13 ./Core/Src/sysmem.o
 .debug_rnglists
                0x0000000000000320       0x1a ./Core/Src/system_stm32f4xx.o
 .debug_rnglists
                0x000000000000033a       0x19 ./Core/Startup/startup_stm32f429zitx.o
 .debug_rnglists
                0x0000000000000353       0xbb ./Drivers/STM32F4xx_HAL_Driver/Src/stm32f4xx_hal.o
 .debug_rnglists
                0x000000000000040e       0xce ./Drivers/STM32F4xx_HAL_Driver/Src/stm32f4xx_hal_cortex.o
 .debug_rnglists
                0x00000000000004dc       0x3f ./Drivers/STM32F4xx_HAL_Driver/Src/stm32f4xx_hal_gpio.o
 .debug_rnglists
                0x000000000000051b      0x10a ./Drivers/STM32F4xx_HAL_Driver/Src/stm32f4xx_hal_ltdc.o
 .debug_rnglists
                0x0000000000000625       0x66 ./Drivers/STM32F4xx_HAL_Driver/Src/stm32f4xx_hal_rcc.o
 .debug_rnglists
                0x000000000000068b       0x43 ./Drivers/STM32F4xx_HAL_Driver/Src/stm32f4xx_hal_rcc_ex.o
 .debug_rnglists
                0x00000000000006ce       0x63 ./Drivers/STM32F4xx_HAL_Driver/Src/stm32f4xx_hal_rng.o
 .debug_rnglists
                0x0000000000000731      0x16f ./Drivers/STM32F4xx_HAL_Driver/Src/stm32f4xx_hal_spi.o

.debug_macro    0x0000000000000000    0x2524b
 .debug_macro   0x0000000000000000      0x358 ./Core/Src/ApplicationCode.o
 .debug_macro   0x0000000000000358      0xaa8 ./Core/Src/ApplicationCode.o
 .debug_macro   0x0000000000000e00      0x2a1 ./Core/Src/ApplicationCode.o
 .debug_macro   0x00000000000010a1       0x2e ./Core/Src/ApplicationCode.o
 .debug_macro   0x00000000000010cf       0x28 ./Core/Src/ApplicationCode.o
 .debug_macro   0x00000000000010f7       0x22 ./Core/Src/ApplicationCode.o
 .debug_macro   0x0000000000001119       0x8e ./Core/Src/ApplicationCode.o
 .debug_macro   0x00000000000011a7       0x51 ./Core/Src/ApplicationCode.o
 .debug_macro   0x00000000000011f8      0x103 ./Core/Src/ApplicationCode.o
 .debug_macro   0x00000000000012fb       0x6a ./Core/Src/ApplicationCode.o
 .debug_macro   0x0000000000001365      0x1df ./Core/Src/ApplicationCode.o
 .debug_macro   0x0000000000001544       0x1c ./Core/Src/ApplicationCode.o
 .debug_macro   0x0000000000001560       0x22 ./Core/Src/ApplicationCode.o
 .debug_macro   0x0000000000001582       0xd9 ./Core/Src/ApplicationCode.o
 .debug_macro   0x000000000000165b     0x102d ./Core/Src/ApplicationCode.o
 .debug_macro   0x0000000000002688      0x11f ./Core/Src/ApplicationCode.o
 .debug_macro   0x00000000000027a7    0x17fc0 ./Core/Src/ApplicationCode.o
 .debug_macro   0x000000000001a767       0x6d ./Core/Src/ApplicationCode.o
 .debug_macro   0x000000000001a7d4     0x36f5 ./Core/Src/ApplicationCode.o
 .debug_macro   0x000000000001dec9      0x174 ./Core/Src/ApplicationCode.o
 .debug_macro   0x000000000001e03d       0x5c ./Core/Src/ApplicationCode.o
 .debug_macro   0x000000000001e099      0xca5 ./Core/Src/ApplicationCode.o
 .debug_macro   0x000000000001ed3e      0x9fe ./Core/Src/ApplicationCode.o
 .debug_macro   0x000000000001f73c      0x115 ./Core/Src/ApplicationCode.o
 .debug_macro   0x000000000001f851      0x156 ./Core/Src/ApplicationCode.o
 .debug_macro   0x000000000001f9a7       0xa5 ./Core/Src/ApplicationCode.o
 .debug_macro   0x000000000001fa4c      0x182 ./Core/Src/ApplicationCode.o
 .debug_macro   0x000000000001fbce      0x287 ./Core/Src/ApplicationCode.o
 .debug_macro   0x000000000001fe55       0x5f ./Core/Src/ApplicationCode.o
 .debug_macro   0x000000000001feb4      0x236 ./Core/Src/ApplicationCode.o
 .debug_macro   0x00000000000200ea      0x132 ./Core/Src/ApplicationCode.o
 .debug_macro   0x000000000002021c      0x41d ./Core/Src/ApplicationCode.o
 .debug_macro   0x0000000000020639       0x2e ./Core/Src/ApplicationCode.o
 .debug_macro   0x0000000000020667      0x198 ./Core/Src/ApplicationCode.o
 .debug_macro   0x00000000000207ff       0xd6 ./Core/Src/ApplicationCode.o
 .debug_macro   0x00000000000208d5      0x11a ./Core/Src/ApplicationCode.o
 .debug_macro   0x00000000000209ef       0xe2 ./Core/Src/ApplicationCode.o
 .debug_macro   0x0000000000020ad1       0x89 ./Core/Src/ApplicationCode.o
 .debug_macro   0x0000000000020b5a       0xa4 ./Core/Src/ApplicationCode.o
 .debug_macro   0x0000000000020bfe      0x225 ./Core/Src/ApplicationCode.o
 .debug_macro   0x0000000000020e23      0x134 ./Core/Src/ApplicationCode.o
 .debug_macro   0x0000000000020f57       0x10 ./Core/Src/ApplicationCode.o
 .debug_macro   0x0000000000020f67       0x22 ./Core/Src/ApplicationCode.o
 .debug_macro   0x0000000000020f89       0x1c ./Core/Src/ApplicationCode.o
 .debug_macro   0x0000000000020fa5       0x34 ./Core/Src/ApplicationCode.o
 .debug_macro   0x0000000000020fd9       0x16 ./Core/Src/ApplicationCode.o
 .debug_macro   0x0000000000020fef      0x112 ./Core/Src/ApplicationCode.o
 .debug_macro   0x0000000000021101       0x2a ./Core/Src/ApplicationCode.o
 .debug_macro   0x000000000002112b       0x61 ./Core/Src/ApplicationCode.o
 .debug_macro   0x000000000002118c       0x43 ./Core/Src/ApplicationCode.o
 .debug_macro   0x00000000000211cf       0x34 ./Core/Src/ApplicationCode.o
 .debug_macro   0x0000000000021203       0x16 ./Core/Src/ApplicationCode.o
 .debug_macro   0x0000000000021219       0x35 ./Core/Src/ApplicationCode.o
 .debug_macro   0x000000000002124e       0x16 ./Core/Src/ApplicationCode.o
 .debug_macro   0x0000000000021264       0x43 ./Core/Src/ApplicationCode.o
 .debug_macro   0x00000000000212a7       0x34 ./Core/Src/ApplicationCode.o
 .debug_macro   0x00000000000212db       0x10 ./Core/Src/ApplicationCode.o
 .debug_macro   0x00000000000212eb       0x58 ./Core/Src/ApplicationCode.o
 .debug_macro   0x0000000000021343       0x8e ./Core/Src/ApplicationCode.o
 .debug_macro   0x00000000000213d1       0x1c ./Core/Src/ApplicationCode.o
 .debug_macro   0x00000000000213ed      0x177 ./Core/Src/ApplicationCode.o
 .debug_macro   0x0000000000021564      0x369 ./Core/Src/ApplicationCode.o
 .debug_macro   0x00000000000218cd       0x16 ./Core/Src/ApplicationCode.o
 .debug_macro   0x00000000000218e3       0x29 ./Core/Src/ApplicationCode.o
 .debug_macro   0x000000000002190c      0x3a8 ./Core/Src/ApplicationCode.o
 .debug_macro   0x0000000000021cb4       0x22 ./Core/Src/ApplicationCode.o
 .debug_macro   0x0000000000021cd6       0x1c ./Core/Src/ApplicationCode.o
 .debug_macro   0x0000000000021cf2       0x10 ./Core/Src/ApplicationCode.o
 .debug_macro   0x0000000000021d02       0x1c ./Core/Src/ApplicationCode.o
 .debug_macro   0x0000000000021d1e       0x16 ./Core/Src/ApplicationCode.o
 .debug_macro   0x0000000000021d34      0x147 ./Core/Src/ApplicationCode.o
 .debug_macro   0x0000000000021e7b      0x1ff ./Core/Src/Button_Driver.o
 .debug_macro   0x000000000002207a       0x24 ./Core/Src/ErrorHandling.o
 .debug_macro   0x000000000002209e      0x2d8 ./Core/Src/Gyro.o
 .debug_macro   0x0000000000022376       0x16 ./Core/Src/Gyro.o
 .debug_macro   0x000000000002238c       0x16 ./Core/Src/Gyro.o
 .debug_macro   0x00000000000223a2      0x1ee ./Core/Src/InterruptControl.o
 .debug_macro   0x0000000000022590      0x2c3 ./Core/Src/LCD_Driver.o
 .debug_macro   0x0000000000022853      0x1e8 ./Core/Src/RNG.o
 .debug_macro   0x0000000000022a3b      0x20e ./Core/Src/Scheduler.o
 .debug_macro   0x0000000000022c49       0x6d ./Core/Src/fonts.o
 .debug_macro   0x0000000000022cb6      0x36b ./Core/Src/main.o
 .debug_macro   0x0000000000023021      0x4ce ./Core/Src/main.o
 .debug_macro   0x00000000000234ef      0x1ed ./Core/Src/stm32f4xx_hal_msp.o
 .debug_macro   0x00000000000236dc      0x4c8 ./Core/Src/stm32f4xx_hal_msp.o
 .debug_macro   0x0000000000023ba4      0x1f7 ./Core/Src/stm32f4xx_it.o
 .debug_macro   0x0000000000023d9b       0xff ./Core/Src/sysmem.o
 .debug_macro   0x0000000000023e9a      0x23c ./Core/Src/sysmem.o
 .debug_macro   0x00000000000240d6      0x1de ./Core/Src/system_stm32f4xx.o
 .debug_macro   0x00000000000242b4      0x23e ./Drivers/STM32F4xx_HAL_Driver/Src/stm32f4xx_hal.o
 .debug_macro   0x00000000000244f2      0x1de ./Drivers/STM32F4xx_HAL_Driver/Src/stm32f4xx_hal_cortex.o
 .debug_macro   0x00000000000246d0      0x1e4 ./Drivers/STM32F4xx_HAL_Driver/Src/stm32f4xx_hal_gpio.o
 .debug_macro   0x00000000000248b4      0x1e6 ./Drivers/STM32F4xx_HAL_Driver/Src/stm32f4xx_hal_ltdc.o
 .debug_macro   0x0000000000024a9a      0x202 ./Drivers/STM32F4xx_HAL_Driver/Src/stm32f4xx_hal_rcc.o
 .debug_macro   0x0000000000024c9c      0x1de ./Drivers/STM32F4xx_HAL_Driver/Src/stm32f4xx_hal_rcc_ex.o
 .debug_macro   0x0000000000024e7a      0x1e4 ./Drivers/STM32F4xx_HAL_Driver/Src/stm32f4xx_hal_rng.o
 .debug_macro   0x000000000002505e      0x1ed ./Drivers/STM32F4xx_HAL_Driver/Src/stm32f4xx_hal_spi.o

.debug_line     0x0000000000000000     0xe6c0
 .debug_line    0x0000000000000000      0xb8d ./Core/Src/ApplicationCode.o
 .debug_line    0x0000000000000b8d      0x787 ./Core/Src/Button_Driver.o
 .debug_line    0x0000000000001314      0x14a ./Core/Src/ErrorHandling.o
 .debug_line    0x000000000000145e      0xadd ./Core/Src/Gyro.o
 .debug_line    0x0000000000001f3b      0x75d ./Core/Src/InterruptControl.o
 .debug_line    0x0000000000002698      0xe82 ./Core/Src/LCD_Driver.o
 .debug_line    0x000000000000351a      0x735 ./Core/Src/RNG.o
 .debug_line    0x0000000000003c4f      0x756 ./Core/Src/Scheduler.o
 .debug_line    0x00000000000043a5      0x39f ./Core/Src/fonts.o
 .debug_line    0x0000000000004744      0xa72 ./Core/Src/main.o
 .debug_line    0x00000000000051b6      0x85d ./Core/Src/stm32f4xx_hal_msp.o
 .debug_line    0x0000000000005a13      0x7b6 ./Core/Src/stm32f4xx_it.o
 .debug_line    0x00000000000061c9      0x512 ./Core/Src/sysmem.o
 .debug_line    0x00000000000066db      0x775 ./Core/Src/system_stm32f4xx.o
 .debug_line    0x0000000000006e50       0x7a ./Core/Startup/startup_stm32f429zitx.o
 .debug_line    0x0000000000006eca      0xa11 ./Drivers/STM32F4xx_HAL_Driver/Src/stm32f4xx_hal.o
 .debug_line    0x00000000000078db      0xc8a ./Drivers/STM32F4xx_HAL_Driver/Src/stm32f4xx_hal_cortex.o
 .debug_line    0x0000000000008565      0xb77 ./Drivers/STM32F4xx_HAL_Driver/Src/stm32f4xx_hal_gpio.o
 .debug_line    0x00000000000090dc     0x170e ./Drivers/STM32F4xx_HAL_Driver/Src/stm32f4xx_hal_ltdc.o
 .debug_line    0x000000000000a7ea      0xd54 ./Drivers/STM32F4xx_HAL_Driver/Src/stm32f4xx_hal_rcc.o
 .debug_line    0x000000000000b53e      0xbac ./Drivers/STM32F4xx_HAL_Driver/Src/stm32f4xx_hal_rcc_ex.o
 .debug_line    0x000000000000c0ea      0x96a ./Drivers/STM32F4xx_HAL_Driver/Src/stm32f4xx_hal_rng.o
 .debug_line    0x000000000000ca54     0x1c6c ./Drivers/STM32F4xx_HAL_Driver/Src/stm32f4xx_hal_spi.o

.debug_str      0x0000000000000000    0xd59d7
 .debug_str     0x0000000000000000    0xd18bc ./Core/Src/ApplicationCode.o
                                      0xd1c0e (size before relaxing)
 .debug_str     0x00000000000d18bc      0x210 ./Core/Src/Button_Driver.o
                                      0xcd065 (size before relaxing)
 .debug_str     0x00000000000d1acc       0x2f ./Core/Src/ErrorHandling.o
                                       0x2e40 (size before relaxing)
 .debug_str     0x00000000000d1afb      0x52b ./Core/Src/Gyro.o
                                      0xd0aec (size before relaxing)
 .debug_str     0x00000000000d2026       0x96 ./Core/Src/InterruptControl.o
                                      0xcce7e (size before relaxing)
 .debug_str     0x00000000000d20bc      0x606 ./Core/Src/LCD_Driver.o
                                      0xd14a6 (size before relaxing)
 .debug_str     0x00000000000d26c2      0x107 ./Core/Src/RNG.o
                                      0xcca9a (size before relaxing)
 .debug_str     0x00000000000d27c9       0x67 ./Core/Src/Scheduler.o
                                      0xcc9ec (size before relaxing)
 .debug_str     0x00000000000d2830       0x40 ./Core/Src/fonts.o
                                       0x3d4a (size before relaxing)
 .debug_str     0x00000000000d2870     0x1131 ./Core/Src/main.o
                                      0xd2742 (size before relaxing)
 .debug_str     0x00000000000d39a1       0xd6 ./Core/Src/stm32f4xx_hal_msp.o
                                      0xce221 (size before relaxing)
 .debug_str     0x00000000000d3a77       0xc9 ./Core/Src/stm32f4xx_it.o
                                      0xcd7e5 (size before relaxing)
 .debug_str     0x00000000000d3b40      0x4dc ./Core/Src/sysmem.o
                                       0x605f (size before relaxing)
 .debug_str     0x00000000000d401c       0xdb ./Core/Src/system_stm32f4xx.o
                                      0xcc9e7 (size before relaxing)
 .debug_str     0x00000000000d40f7       0x34 ./Core/Startup/startup_stm32f429zitx.o
                                         0x71 (size before relaxing)
 .debug_str     0x00000000000d412b      0x62a ./Drivers/STM32F4xx_HAL_Driver/Src/stm32f4xx_hal.o
                                      0xcd60a (size before relaxing)
 .debug_str     0x00000000000d4755      0x2f6 ./Drivers/STM32F4xx_HAL_Driver/Src/stm32f4xx_hal_cortex.o
                                      0xcd2ef (size before relaxing)
 .debug_str     0x00000000000d4a4b       0xf3 ./Drivers/STM32F4xx_HAL_Driver/Src/stm32f4xx_hal_gpio.o
                                      0xccb62 (size before relaxing)
 .debug_str     0x00000000000d4b3e      0x4a5 ./Drivers/STM32F4xx_HAL_Driver/Src/stm32f4xx_hal_ltdc.o
                                      0xcd04b (size before relaxing)
 .debug_str     0x00000000000d4fe3      0x233 ./Drivers/STM32F4xx_HAL_Driver/Src/stm32f4xx_hal_rcc.o
                                      0xcce1b (size before relaxing)
 .debug_str     0x00000000000d5216      0x133 ./Drivers/STM32F4xx_HAL_Driver/Src/stm32f4xx_hal_rcc_ex.o
                                      0xccbe2 (size before relaxing)
 .debug_str     0x00000000000d5349      0x14b ./Drivers/STM32F4xx_HAL_Driver/Src/stm32f4xx_hal_rng.o
                                      0xccacd (size before relaxing)
 .debug_str     0x00000000000d5494      0x543 ./Drivers/STM32F4xx_HAL_Driver/Src/stm32f4xx_hal_spi.o
                                      0xcd298 (size before relaxing)

.debug_frame    0x0000000000000000     0x3270
 .debug_frame   0x0000000000000000      0x2a0 ./Core/Src/ApplicationCode.o
 .debug_frame   0x00000000000002a0       0x9c ./Core/Src/Button_Driver.o
 .debug_frame   0x000000000000033c       0x38 ./Core/Src/ErrorHandling.o
 .debug_frame   0x0000000000000374      0x1a4 ./Core/Src/Gyro.o
 .debug_frame   0x0000000000000518       0xc8 ./Core/Src/InterruptControl.o
 .debug_frame   0x00000000000005e0      0x478 ./Core/Src/LCD_Driver.o
 .debug_frame   0x0000000000000a58       0x50 ./Core/Src/RNG.o
 .debug_frame   0x0000000000000aa8       0x80 ./Core/Src/Scheduler.o
 .debug_frame   0x0000000000000b28       0x90 ./Core/Src/main.o
 .debug_frame   0x0000000000000bb8      0x118 ./Core/Src/stm32f4xx_hal_msp.o
 .debug_frame   0x0000000000000cd0      0x104 ./Core/Src/stm32f4xx_it.o
 .debug_frame   0x0000000000000dd4       0x34 ./Core/Src/sysmem.o
 .debug_frame   0x0000000000000e08       0x58 ./Core/Src/system_stm32f4xx.o
 .debug_frame   0x0000000000000e60      0x3b4 ./Drivers/STM32F4xx_HAL_Driver/Src/stm32f4xx_hal.o
 .debug_frame   0x0000000000001214      0x498 ./Drivers/STM32F4xx_HAL_Driver/Src/stm32f4xx_hal_cortex.o
 .debug_frame   0x00000000000016ac      0x14c ./Drivers/STM32F4xx_HAL_Driver/Src/stm32f4xx_hal_gpio.o
 .debug_frame   0x00000000000017f8      0x61c ./Drivers/STM32F4xx_HAL_Driver/Src/stm32f4xx_hal_ltdc.o