../Core/Src/LCD_Driver.c:29:6:LCD_GPIO_Init	56	static
../Core/Src/LCD_Driver.c:113:6:LTCD__Init	8	static
../Core/Src/LCD_Driver.c:164:6:LTCD_Layer_Init	72	static
../Core/Src/LCD_Driver.c:193:6:LCD_Draw_Pixel	16	static
../Core/Src/LCD_Driver.c:200:6:LCD_DrawChar	24	static
../Core/Src/LCD_Driver.c:220:6:LCD_DisplayChar	16	static
../Core/Src/LCD_Driver.c:226:6:LCD_SetTextColor	16	static
../Core/Src/LCD_Driver.c:231:6:LCD_SetFont	16	static
../Core/Src/LCD_Driver.c:237:6:LCD_Draw_Circle_Fill	32	static
../Core/Src/LCD_Driver.c:252:6:LCD_Draw_Vertical_Line	32	static
../Core/Src/LCD_Driver.c:260:6:LCD_Clear	24	static
../Core/Src/LCD_Driver.c:269:6:LCD_Error_Handler	4	static
../Core/Src/LCD_Driver.c:274:6:Display_Time	8	static
../Core/Src/LCD_Driver.c:283:6:Display_Ball	16	static
../Core/Src/LCD_Driver.c:288:6:startScreen	8	static
../Core/Src/LCD_Driver.c:332:6:gameOver	8	static
../Core/Src/LCD_Driver.c:350:6:QuickDemo	16	static
../Core/Src/LCD_Driver.c:412:6:ili9341_Init	8	static
../Core/Src/LCD_Driver.c:543:6:ili9341_DisplayOn	8	static
../Core/Src/LCD_Driver.c:554:6:ili9341_DisplayOff	8	static
../Core/Src/LCD_Driver.c:565:6:ili9341_Write_Reg	16	static
../Core/Src/LCD_Driver.c:575:6:ili9341_Send_Data	16	static
../Core/Src/LCD_Driver.c:586:10:ili9341_ReadData	16	static
../Core/Src/LCD_Driver.c:598:13:SPI_Init	8	static
../Core/Src/LCD_Driver.c:636:17:SPI_Read	24	static
../Core/Src/LCD_Driver.c:657:13:SPI_Write	24	static
../Core/Src/LCD_Driver.c:675:13:SPI_Error	8	static
../Core/Src/LCD_Driver.c:688:13:SPI_MspInit	48	static
../Core/Src/LCD_Driver.c:712:6:LCD_IO_Init	40	static
../Core/Src/LCD_Driver.c:756:6:LCD_IO_WriteData	16	static
../Core/Src/LCD_Driver.c:772:6:LCD_IO_WriteReg	16	static
../Core/Src/LCD_Driver.c:791:10:LCD_IO_ReadData	24	static
../Core/Src/LCD_Driver.c:818:6:LCD_Delay	16	static
